Component: ARM Compiler 5.06 update 6 (build 750) Tool: armlink [4d35ed]

==============================================================================

Section Cross References

    mainw3p.o(i.ADC1_2_IRQHandler) refers to stm32f10x_adc.o(i.ADC_GetITStatus) for ADC_GetITStatus
    mainw3p.o(i.ADC1_2_IRQHandler) refers to stm32f10x_adc.o(i.ADC_GetConversionValue) for ADC_GetConversionValue
    mainw3p.o(i.ADC1_2_IRQHandler) refers to mainw3p.o(i.DoErrorState) for DoErrorState
    mainw3p.o(i.ADC1_2_IRQHandler) refers to stm32f10x_gpio.o(i.GPIO_SetBits) for GPIO_SetBits
    mainw3p.o(i.ADC1_2_IRQHandler) refers to dflt_clz.o(x$fpl$dflt) for __aeabi_i2d
    mainw3p.o(i.ADC1_2_IRQHandler) refers to drleqf.o(x$fpl$drleqf) for __aeabi_cdrcmple
    mainw3p.o(i.ADC1_2_IRQHandler) refers to dleqf.o(x$fpl$dleqf) for __aeabi_cdcmple
    mainw3p.o(i.ADC1_2_IRQHandler) refers to stm32f10x_gpio.o(i.GPIO_ResetBits) for GPIO_ResetBits
    mainw3p.o(i.ADC1_2_IRQHandler) refers to stm32f10x_adc.o(i.ADC_ClearITPendingBit) for ADC_ClearITPendingBit
    mainw3p.o(i.ADC1_2_IRQHandler) refers to mainw3p.o(.data) for CurVolt
    mainw3p.o(i.AmpControlOK) refers to mainw3p.o(i.analogRead) for analogRead
    mainw3p.o(i.AmpControlOK) refers to dflt_clz.o(x$fpl$dflt) for __aeabi_i2d
    mainw3p.o(i.AmpControlOK) refers to dleqf.o(x$fpl$dleqf) for __aeabi_cdcmple
    mainw3p.o(i.AmpControlOK) refers to dfixu.o(x$fpl$dfixu) for __aeabi_d2uiz
    mainw3p.o(i.AmpControlOK) refers to dflt_clz.o(x$fpl$dfltu) for __aeabi_ui2d
    mainw3p.o(i.AmpControlOK) refers to daddsub_clz.o(x$fpl$dadd) for __aeabi_dadd
    mainw3p.o(i.AmpControlOK) refers to ddiv.o(x$fpl$ddiv) for __aeabi_ddiv
    mainw3p.o(i.AmpControlOK) refers to stm32f10x_gpio.o(i.GPIO_ReadInputDataBit) for GPIO_ReadInputDataBit
    mainw3p.o(i.AmpControlOK) refers to dfix.o(x$fpl$dfix) for __aeabi_d2iz
    mainw3p.o(i.AmpControlOK) refers to daddsub_clz.o(x$fpl$drsb) for __aeabi_drsub
    mainw3p.o(i.AmpControlOK) refers to dmul.o(x$fpl$dmul) for __aeabi_dmul
    mainw3p.o(i.AmpControlOK) refers to drleqf.o(x$fpl$drleqf) for __aeabi_cdrcmple
    mainw3p.o(i.AmpControlOK) refers to mainw3p.o(.data) for MotorAmperage
    mainw3p.o(i.AmpControlOK) refers to mainw3p.o(.bss) for AmpVals
    mainw3p.o(i.DMA1_Channel2_IRQHandler) refers to stm32f10x_tim.o(i.TIM_Cmd) for TIM_Cmd
    mainw3p.o(i.DMA1_Channel2_IRQHandler) refers to stm32f10x_dma.o(i.DMA_Cmd) for DMA_Cmd
    mainw3p.o(i.DMA1_Channel2_IRQHandler) refers to stm32f10x_dma.o(i.DMA_ClearITPendingBit) for DMA_ClearITPendingBit
    mainw3p.o(i.DMA1_Channel2_IRQHandler) refers to mainw3p.o(.data) for NeedUpdateHz
    mainw3p.o(i.DMA1_Channel2_IRQHandler) refers to mainw3p.o(.bss) for sinM
    mainw3p.o(i.DoErrorState) refers to stm32f10x_gpio.o(i.GPIO_SetBits) for GPIO_SetBits
    mainw3p.o(i.DoErrorState) refers to mainw3p.o(i.Stop) for Stop
    mainw3p.o(i.DoErrorState) refers to ssd1306.o(i.SSD1306_GotoXY) for SSD1306_GotoXY
    mainw3p.o(i.DoErrorState) refers to ssd1306.o(i.SSD1306_Puts) for SSD1306_Puts
    mainw3p.o(i.DoErrorState) refers to ssd1306.o(i.SSD1306_UpdateScreen) for SSD1306_UpdateScreen
    mainw3p.o(i.DoErrorState) refers to mainw3p.o(i.delay_ms) for delay_ms
    mainw3p.o(i.DoErrorState) refers to stm32f10x_gpio.o(i.GPIO_ResetBits) for GPIO_ResetBits
    mainw3p.o(i.DoErrorState) refers to mainw3p.o(.data) for ErrorState
    mainw3p.o(i.DoErrorState) refers to fonts.o(.data) for Font_16x26
    mainw3p.o(i.GetValFriq) refers to mainw3p.o(i.SeekHzVal) for SeekHzVal
    mainw3p.o(i.GetValFriq) refers to mainw3p.o(i.AmpControlOK) for AmpControlOK
    mainw3p.o(i.GetValFriq) refers to stm32f10x_gpio.o(i.GPIO_ReadInputDataBit) for GPIO_ReadInputDataBit
    mainw3p.o(i.GetValFriq) refers to mainw3p.o(i.delay_ms) for delay_ms
    mainw3p.o(i.GetValFriq) refers to mainw3p.o(.bss) for FSetVals
    mainw3p.o(i.GetValFriq) refers to mainw3p.o(.data) for nSetVal
    mainw3p.o(i.InitIO2Manual) refers to stm32f10x_rcc.o(i.RCC_APB2PeriphClockCmd) for RCC_APB2PeriphClockCmd
    mainw3p.o(i.InitIO2Manual) refers to stm32f10x_gpio.o(i.GPIO_StructInit) for GPIO_StructInit
    mainw3p.o(i.InitIO2Manual) refers to stm32f10x_gpio.o(i.GPIO_Init) for GPIO_Init
    mainw3p.o(i.InitIOPWM2Manual) refers to stm32f10x_gpio.o(i.GPIO_StructInit) for GPIO_StructInit
    mainw3p.o(i.InitIOPWM2Manual) refers to stm32f10x_gpio.o(i.GPIO_Init) for GPIO_Init
    mainw3p.o(i.LoadSettings) refers to flash.o(i.FLASH_Init) for FLASH_Init
    mainw3p.o(i.LoadSettings) refers to flash.o(i.FLASH_ReadSettings) for FLASH_ReadSettings
    mainw3p.o(i.LoadSettings) refers to fflt_clz.o(x$fpl$ffltu) for __aeabi_ui2f
    mainw3p.o(i.LoadSettings) refers to fdiv.o(x$fpl$fdiv) for __aeabi_fdiv
    mainw3p.o(i.LoadSettings) refers to ffix.o(x$fpl$ffix) for __aeabi_f2iz
    mainw3p.o(i.LoadSettings) refers to mainw3p.o(.data) for SetHz
    mainw3p.o(i.OverloadCorrection) refers to stm32f10x_gpio.o(i.GPIO_ReadInputDataBit) for GPIO_ReadInputDataBit
[...]
    i.ADC_GetFlagStatus                      0x080013ee   Section        0  stm32f10x_adc.o(i.ADC_GetFlagStatus)
    i.ADC_GetITStatus                        0x08001400   Section        0  stm32f10x_adc.o(i.ADC_GetITStatus)
    i.ADC_GetResetCalibrationStatus          0x08001424   Section        0  stm32f10x_adc.o(i.ADC_GetResetCalibrationStatus)
    i.ADC_ITConfig                           0x08001438   Section        0  stm32f10x_adc.o(i.ADC_ITConfig)
    i.ADC_Init                               0x08001450   Section        0  stm32f10x_adc.o(i.ADC_Init)
    i.ADC_RegularChannelConfig               0x080014a0   Section        0  stm32f10x_adc.o(i.ADC_RegularChannelConfig)
    i.ADC_ResetCalibration                   0x08001558   Section        0  stm32f10x_adc.o(i.ADC_ResetCalibration)
    i.ADC_SoftwareStartConvCmd               0x08001562   Section        0  stm32f10x_adc.o(i.ADC_SoftwareStartConvCmd)
    i.ADC_StartCalibration                   0x08001578   Section        0  stm32f10x_adc.o(i.ADC_StartCalibration)
    i.ADC_StructInit                         0x08001582   Section        0  stm32f10x_adc.o(i.ADC_StructInit)
    i.Abs                                    0x08001594   Section        0  mainw3p.o(i.Abs)
    i.AmpControlOK                           0x080015a4   Section        0  mainw3p.o(i.AmpControlOK)
    i.DMA1_Channel2_IRQHandler               0x080016d4   Section        0  mainw3p.o(i.DMA1_Channel2_IRQHandler)
    i.DMA_ClearITPendingBit                  0x08001808   Section        0  stm32f10x_dma.o(i.DMA_ClearITPendingBit)
    i.DMA_Cmd                                0x08001824   Section        0  stm32f10x_dma.o(i.DMA_Cmd)
    i.DMA_ITConfig                           0x0800183c   Section        0  stm32f10x_dma.o(i.DMA_ITConfig)
    i.DMA_Init                               0x0800184e   Section        0  stm32f10x_dma.o(i.DMA_Init)
    i.DMA_StructInit                         0x0800188a   Section        0  stm32f10x_dma.o(i.DMA_StructInit)
    i.DoErrorState                           0x080018a4   Section        0  mainw3p.o(i.DoErrorState)
    i.GPIO_Init                              0x08001900   Section        0  stm32f10x_gpio.o(i.GPIO_Init)
    i.GPIO_ReadInputDataBit                  0x08001a16   Section        0  stm32f10x_gpio.o(i.GPIO_ReadInputDataBit)
    i.GPIO_ResetBits                         0x08001a28   Section        0  stm32f10x_gpio.o(i.GPIO_ResetBits)
    i.GPIO_SetBits                           0x08001a2c   Section        0  stm32f10x_gpio.o(i.GPIO_SetBits)
    i.GPIO_StructInit                        0x08001a30   Section        0  stm32f10x_gpio.o(i.GPIO_StructInit)
    i.GetValFriq                             0x08001a40   Section        0  mainw3p.o(i.GetValFriq)
    i.I2C_CheckEvent                         0x08001aac   Section        0  stm32f10x_i2c.o(i.I2C_CheckEvent)
    i.I2C_Cmd                                0x08001ad6   Section        0  stm32f10x_i2c.o(i.I2C_Cmd)
    i.I2C_Init                               0x08001af0   Section        0  stm32f10x_i2c.o(i.I2C_Init)
    i.InitIO2Manual                          0x08001bdc   Section        0  mainw3p.o(i.InitIO2Manual)
    i.InitIOPWM2Manual                       0x08001c6c   Section        0  mainw3p.o(i.InitIOPWM2Manual)
    i.NVIC_Init                              0x08001cbc   Section        0  misc.o(i.NVIC_Init)
    i.OverloadCorrection                     0x08001d2c   Section        0  mainw3p.o(i.OverloadCorrection)
    i.PowerInit                              0x08001de4   Section        0  mainw3p.o(i.PowerInit)
    i.RCC_AHBPeriphClockCmd                  0x08001e68   Section        0  stm32f10x_rcc.o(i.RCC_AHBPeriphClockCmd)
    i.RCC_APB1PeriphClockCmd                 0x08001e88   Section        0  stm32f10x_rcc.o(i.RCC_APB1PeriphClockCmd)
    i.RCC_APB2PeriphClockCmd                 0x08001ea8   Section        0  stm32f10x_rcc.o(i.RCC_APB2PeriphClockCmd)
    i.RCC_GetClocksFreq                      0x08001ec8   Section        0  stm32f10x_rcc.o(i.RCC_GetClocksFreq)
    i.SSD1306_DrawLine                       0x08001f9c   Section        0  ssd1306.o(i.SSD1306_DrawLine)
    i.SSD1306_DrawPixel                      0x080020e8   Section        0  ssd1306.o(i.SSD1306_DrawPixel)
    i.SSD1306_DrawRectangle                  0x08002188   Section        0  ssd1306.o(i.SSD1306_DrawRectangle)
    i.SSD1306_Fill                           0x08002210   Section        0  ssd1306.o(i.SSD1306_Fill)
    i.SSD1306_GotoXY                         0x08002230   Section        0  ssd1306.o(i.SSD1306_GotoXY)
    i.SSD1306_Init                           0x0800223c   Section        0  ssd1306.o(i.SSD1306_Init)
    i.SSD1306_Putc                           0x080023b8   Section        0  ssd1306.o(i.SSD1306_Putc)
    i.SSD1306_Puts                           0x08002460   Section        0  ssd1306.o(i.SSD1306_Puts)
    i.SSD1306_UpdateScreen                   0x0800248c   Section        0  ssd1306.o(i.SSD1306_UpdateScreen)
    i.SeekHzVal                              0x080024e4   Section        0  mainw3p.o(i.SeekHzVal)
    i.SetFrequency                           0x08002508   Section        0  mainw3p.o(i.SetFrequency)
    i.SetPrescaler                           0x08002534   Section        0  mainw3p.o(i.SetPrescaler)
    i.SetSysClock                            0x08002604   Section        0  system_stm32f10x.o(i.SetSysClock)
    SetSysClock                              0x08002605   Thumb Code     8  system_stm32f10x.o(i.SetSysClock)
    i.SetSysClockTo72                        0x0800260c   Section        0  system_stm32f10x.o(i.SetSysClockTo72)
    SetSysClockTo72                          0x0800260d   Thumb Code   214  system_stm32f10x.o(i.SetSysClockTo72)
    i.Start                                  0x080026ec   Section        0  mainw3p.o(i.Start)
    i.Stop                                   0x080027dc   Section        0  mainw3p.o(i.Stop)
    i.SystemInit                             0x08002974   Section        0  system_stm32f10x.o(i.SystemInit)
    i.TIM_BDTRConfig                         0x080029d4   Section        0  stm32f10x_tim.o(i.TIM_BDTRConfig)
    i.TIM_Cmd                                0x080029f4   Section        0  stm32f10x_tim.o(i.TIM_Cmd)
    i.TIM_CtrlPWMOutputs                     0x08002a0c   Section        0  stm32f10x_tim.o(i.TIM_CtrlPWMOutputs)
    i.TIM_DMACmd                             0x08002a2a   Section        0  stm32f10x_tim.o(i.TIM_DMACmd)
    i.TIM_OC1Init                            0x08002a3c   Section        0  stm32f10x_tim.o(i.TIM_OC1Init)
    i.TIM_OC1PreloadConfig                   0x08002ad4   Section        0  stm32f10x_tim.o(i.TIM_OC1PreloadConfig)
    i.TIM_OC2Init                            0x08002ae8   Section        0  stm32f10x_tim.o(i.TIM_OC2Init)
    i.TIM_OC2PreloadConfig                   0x08002b8c   Section        0  stm32f10x_tim.o(i.TIM_OC2PreloadConfig)
    i.TIM_OC3Init                            0x08002ba8   Section        0  stm32f10x_tim.o(i.TIM_OC3Init)
    i.TIM_OC3PreloadConfig                   0x08002c48   Section        0  stm32f10x_tim.o(i.TIM_OC3PreloadConfig)
    i.TIM_TimeBaseInit                       0x08002c5c   Section        0  stm32f10x_tim.o(i.TIM_TimeBaseInit)
    i.TIM_TimeBaseStructInit                 0x08002d00   Section        0  stm32f10x_tim.o(i.TIM_TimeBaseStructInit)
    i.TempControl                            0x08002d14   Section        0  mainw3p.o(i.TempControl)
    i.ToStart                                0x08002e88   Section        0  mainw3p.o(i.ToStart)
    i.ToStop                                 0x08002ed4   Section        0  mainw3p.o(i.ToStop)
    i.UpdateLCD                              0x08002f04   Section        0  mainw3p.o(i.UpdateLCD)
    i.__ARM_fpclassify                       0x08003124   Section        0  fpclassify.o(i.__ARM_fpclassify)
    i.__ieee754_rem_pio2                     0x0800314c   Section        0  rred.o(i.__ieee754_rem_pio2)
    i.__kernel_cos                           0x080034d4   Section        0  cos_i.o(i.__kernel_cos)
    i.__kernel_poly                          0x080035d0   Section        0  poly.o(i.__kernel_poly)
    i.__kernel_sin                           0x0800367c   Section        0  sin_i.o(i.__kernel_sin)
    i.__mathlib_dbl_divzero                  0x08003768   Section        0  dunder.o(i.__mathlib_dbl_divzero)
    i.__mathlib_dbl_infnan                   0x08003778   Section        0  dunder.o(i.__mathlib_dbl_infnan)
    i.__mathlib_dbl_invalid                  0x0800377e   Section        0  dunder.o(i.__mathlib_dbl_invalid)
    i.__mathlib_dbl_underflow                0x0800378c   Section        0  dunder.o(i.__mathlib_dbl_underflow)
    i._is_digit                              0x0800379c   Section        0  __printf_wp.o(i._is_digit)
    i.adcVoltage_init                        0x080037ac   Section        0  mainw3p.o(i.adcVoltage_init)
    i.adc_init                               0x08003878   Section        0  mainw3p.o(i.adc_init)
    i.analogRead                             0x080038e4   Section        0  mainw3p.o(i.analogRead)
    i.delay_ms                               0x08003918   Section        0  mainw3p.o(i.delay_ms)
    i.initIO                                 0x08003968   Section        0  mainw3p.o(i.initIO)
    i.log                                    0x080039b8   Section        0  log.o(i.log)
    i.main                                   0x08003d14   Section        0  mainw3p.o(i.main)
    i.sin                                    0x08003e38   Section        0  sin.o(i.sin)
    i.sinDMA_PhaseA                          0x08003ed8   Section        0  mainw3p.o(i.sinDMA_PhaseA)
    i.sinDMA_PhaseB                          0x08003f74   Section        0  mainw3p.o(i.sinDMA_PhaseB)
    i.sinDMA_PhaseC                          0x08003fd8   Section        0  mainw3p.o(i.sinDMA_PhaseC)
    i.sin_table_update                       0x0800403c   Section        0  mainw3p.o(i.sin_table_update)
    sin_table_update                         0x0800403d   Thumb Code   462  mainw3p.o(i.sin_table_update)
    i.ssd1306_I2C_Init                       0x08004268   Section        0  ssd1306_i2c.o(i.ssd1306_I2C_Init)
    i.ssd1306_I2C_Start                      0x080042e0   Section        0  ssd1306_i2c.o(i.ssd1306_I2C_Start)
    i.ssd1306_I2C_Stop                       0x080043a0   Section        0  ssd1306_i2c.o(i.ssd1306_I2C_Stop)
    i.ssd1306_I2C_Write                      0x080043e0   Section        0  ssd1306_i2c.o(i.ssd1306_I2C_Write)
    i.ssd1306_I2C_WriteData                  0x08004424   Section        0  ssd1306_i2c.o(i.ssd1306_I2C_WriteData)
    i.ssd1306_I2C_WriteMulti                 0x08004460   Section        0  ssd1306_i2c.o(i.ssd1306_I2C_WriteMulti)
    i.timers                                 0x080044b4   Section        0  mainw3p.o(i.timers)
    locale$$code                             0x08004584   Section       44  lc_numeric_c.o(locale$$code)
    x$fpl$d2f                                0x080045b0   Section       98  d2f.o(x$fpl$d2f)
    x$fpl$dadd                               0x08004614   Section      336  daddsub_clz.o(x$fpl$dadd)
    _dadd1                                   0x08004625   Thumb Code     0  daddsub_clz.o(x$fpl$dadd)
    x$fpl$dcheck1                            0x08004764   Section       16  dcheck1.o(x$fpl$dcheck1)
    x$fpl$dcmpinf                            0x08004774   Section       24  dcmpi.o(x$fpl$dcmpinf)
    x$fpl$ddiv                               0x0800478c   Section      688  ddiv.o(x$fpl$ddiv)
    ddiv_entry                               0x08004793   Thumb Code     0  ddiv.o(x$fpl$ddiv)
    x$fpl$deqf                               0x08004a3c   Section      120  deqf.o(x$fpl$deqf)
    x$fpl$dfix                               0x08004ab4   Section       94  dfix.o(x$fpl$dfix)
    x$fpl$dfixu                              0x08004b14   Section       90  dfixu.o(x$fpl$dfixu)
    x$fpl$dflt                               0x08004b6e   Section       46  dflt_clz.o(x$fpl$dflt)
    x$fpl$dfltu                              0x08004b9c   Section       38  dflt_clz.o(x$fpl$dfltu)
    x$fpl$dleqf                              0x08004bc4   Section      120  dleqf.o(x$fpl$dleqf)
    x$fpl$dmul                               0x08004c3c   Section      340  dmul.o(x$fpl$dmul)
    x$fpl$dnaninf                            0x08004d90   Section      156  dnaninf.o(x$fpl$dnaninf)
    x$fpl$dretinf                            0x08004e2c   Section       12  dretinf.o(x$fpl$dretinf)
    x$fpl$drleqf                             0x08004e38   Section      108  drleqf.o(x$fpl$drleqf)
    x$fpl$drsb                               0x08004ea4   Section       22  daddsub_clz.o(x$fpl$drsb)
    x$fpl$dsub                               0x08004ebc   Section      468  daddsub_clz.o(x$fpl$dsub)
    _dsub1                                   0x08004ecd   Thumb Code     0  daddsub_clz.o(x$fpl$dsub)
    x$fpl$f2d                                0x08005090   Section       86  f2d.o(x$fpl$f2d)
    x$fpl$fdiv                               0x080050e8   Section      388  fdiv.o(x$fpl$fdiv)
    _fdiv1                                   0x080050e9   Thumb Code     0  fdiv.o(x$fpl$fdiv)
    x$fpl$ffix                               0x0800526c   Section       54  ffix.o(x$fpl$ffix)
    x$fpl$fflt                               0x080052a4   Section       48  fflt_clz.o(x$fpl$fflt)
    x$fpl$fmul                               0x080052d4   Section      258  fmul.o(x$fpl$fmul)
    x$fpl$fnaninf                            0x080053d6   Section      140  fnaninf.o(x$fpl$fnaninf)
    x$fpl$fretinf                            0x08005462   Section       10  fretinf.o(x$fpl$fretinf)
    x$fpl$printf1                            0x0800546c   Section        4  printf1.o(x$fpl$printf1)
    x$fpl$retnan                             0x08005470   Section      100  retnan.o(x$fpl$retnan)
    x$fpl$scalbn                             0x080054d4   Section       92  scalbn.o(x$fpl$scalbn)
    x$fpl$trapveneer                         0x08005530   Section       48  trapv.o(x$fpl$trapveneer)
    .constdata                               0x08005560   Section    10260  fonts.o(.constdata)
    x$fpl$usenofp                            0x08005560   Section        0  usenofp.o(x$fpl$usenofp)
    .constdata                               0x08007d78   Section       56  log.o(.constdata)
    Lg2                                      0x08007d78   Data          24  log.o(.constdata)
    Lg                                       0x08007d90   Data          32  log.o(.constdata)
    .constdata                               0x08007db0   Section       48  cos_i.o(.constdata)
    C                                        0x08007db0   Data          48  cos_i.o(.constdata)
    .constdata                               0x08007de0   Section        8  qnan.o(.constdata)
    .constdata                               0x08007de8   Section      200  rred.o(.constdata)
    pio2s                                    0x08007de8   Data          48  rred.o(.constdata)
    twooverpi                                0x08007e18   Data         152  rred.o(.constdata)
    .constdata                               0x08007eb0   Section       40  sin_i.o(.constdata)
    S                                        0x08007eb0   Data          40  sin_i.o(.constdata)
    .constdata                               0x08007ed8   Section      148  bigflt0.o(.constdata)
    tenpwrs_x                                0x08007ed8   Data          60  bigflt0.o(.constdata)
    tenpwrs_i                                0x08007f14   Data          64  bigflt0.o(.constdata)
    locale$$data                             0x08007f8c   Section       28  lc_numeric_c.o(locale$$data)
    __lcnum_c_name                           0x08007f90   Data           2  lc_numeric_c.o(locale$$data)
    __lcnum_c_start                          0x08007f98   Data           0  lc_numeric_c.o(locale$$data)
    __lcnum_c_point                          0x08007fa4   Data           0  lc_numeric_c.o(locale$$data)
    __lcnum_c_thousands                      0x08007fa6   Data           0  lc_numeric_c.o(locale$$data)
    __lcnum_c_grouping                       0x08007fa7   Data           0  lc_numeric_c.o(locale$$data)
    __lcnum_c_end                            0x08007fa8   Data           0  lc_numeric_c.o(locale$$data)
    .data                                    0x20000000   Section       69  mainw3p.o(.data)
    .data                                    0x20000048   Section       24  fonts.o(.data)
    .data                                    0x20000060   Section        6  ssd1306.o(.data)
    SSD1306                                  0x20000060   Data           6  ssd1306.o(.data)
    .data                                    0x20000068   Section        5  ssd1306_i2c.o(.data)
    ssd1306_I2C_Timeout                      0x20000068   Data           4  ssd1306_i2c.o(.data)
    isLCDOffline                             0x2000006c   Data           1  ssd1306_i2c.o(.data)
    .data                                    0x2000006d   Section       20  stm32f10x_rcc.o(.data)
    APBAHBPrescTable                         0x2000006d   Data          16  stm32f10x_rcc.o(.data)
    ADCPrescTable                            0x2000007d   Data           4  stm32f10x_rcc.o(.data)
    .data                                    0x20000084   Section       20  system_stm32f10x.o(.data)
    .bss                                     0x20000098   Section     3700  mainw3p.o(.bss)
    .bss                                     0x20000f0c   Section     1024  ssd1306.o(.bss)
    SSD1306_Buffer                           0x20000f0c   Data        1024  ssd1306.o(.bss)
    .bss                                     0x2000130c   Section       96  libspace.o(.bss)
    HEAP                                     0x20001370   Section      512  startup_stm32f10x_md.o(HEAP)
    Heap_Mem                                 0x20001370   Data         512  startup_stm32f10x_md.o(HEAP)
    STACK                                    0x20001570   Section     1024  startup_stm32f10x_md.o(STACK)
    Stack_Mem                                0x20001570   Data        1024  startup_stm32f10x_md.o(STACK)
    __initial_sp                             0x20001970   Data           0  startup_stm32f10x_md.o(STACK)

    Global Symbols

    Symbol Name                              Value     Ov Type        Size  Object(Section)

    BuildAttributes$$THM_ISAv4$P$D$K$B$S$PE$A:L22UL41UL21$X:L11$S22US41US21$IEEE1$IW$USESV6$~STKCKD$USESV7$~SHL$OTIME$ROPI$IEEEX$EBA8$UX$STANDARDLIB$REQ8$PRES8$EABIv2 0x00000000   Number         0  anon$$obj.o ABSOLUTE
    __ARM_use_no_argv                        0x00000000   Number         0  mainw3p.o ABSOLUTE
    _printf_flags                            0x00000000   Number         0  printf_stubs.o ABSOLUTE
    _printf_return_value                     0x00000000   Number         0  printf_stubs.o ABSOLUTE
    _printf_sizespec                         0x00000000   Number         0  printf_stubs.o ABSOLUTE
    _printf_widthprec                        0x00000000   Number         0  printf_stubs.o ABSOLUTE
    __ARM_exceptions_init                     - Undefined Weak Reference
    __alloca_initialize                       - Undefined Weak Reference
    __arm_preinit_                            - Undefined Weak Reference
    __cpp_initialize__aeabi_                  - Undefined Weak Reference
    __cxa_finalize                            - Undefined Weak Reference
    __sigvec_lookup                           - Undefined Weak Reference
    _atexit_init                              - Undefined Weak Reference
    _call_atexit_fns                          - Undefined Weak Reference
    _clock_init                               - Undefined Weak Reference
    _fp_trap_init                             - Undefined Weak Reference
    _fp_trap_shutdown                         - Undefined Weak Reference
    _get_lc_collate                           - Undefined Weak Reference
    _get_lc_ctype                             - Undefined Weak Reference
    _get_lc_monetary                          - Undefined Weak Reference
    _get_lc_time                              - Undefined Weak Reference
    _getenv_init                              - Undefined Weak Reference
    _handle_redirection                       - Undefined Weak Reference
    _init_alloc                               - Undefined Weak Reference
    _init_user_alloc                          - Undefined Weak Reference
    _initio                                   - Undefined Weak Reference
    _printf_post_padding                      - Undefined Weak Reference
    _printf_pre_padding                       - Undefined Weak Reference
    _rand_init                                - Undefined Weak Reference
    _signal_finish                            - Undefined Weak Reference
    _signal_init                              - Undefined Weak Reference
    _terminate_alloc                          - Undefined Weak Reference
    _terminate_user_alloc                     - Undefined Weak Reference
    _terminateio                              - Undefined Weak Reference
    __Vectors_Size                           0x000000ec   Number         0  startup_stm32f10x_md.o ABSOLUTE
    __Vectors                                0x08000000   Data           4  startup_stm32f10x_md.o(RESET)
    __Vectors_End                            0x080000ec   Data           0  startup_stm32f10x_md.o(RESET)
    __main                                   0x080000ed   Thumb Code     8  __main.o(!!!main)
    __scatterload                            0x080000f5   Thumb Code     0  __scatter.o(!!!scatter)
    __scatterload_rt2                        0x080000f5   Thumb Code    44  __scatter.o(!!!scatter)
    __scatterload_rt2_thumb_only             0x080000f5   Thumb Code     0  __scatter.o(!!!scatter)
    __scatterload_null                       0x08000103   Thumb Code     0  __scatter.o(!!!scatter)
    __scatterload_copy                       0x08000129   Thumb Code    26  __scatter_copy.o(!!handler_copy)
    __scatterload_zeroinit                   0x08000145   Thumb Code    28  __scatter_zi.o(!!handler_zi)
    _printf_f                                0x08000161   Thumb Code     0  _printf_f.o(.ARM.Collect$$_printf_percent$$00000003)
    _printf_percent                          0x08000161   Thumb Code     0  _printf_percent.o(.ARM.Collect$$_printf_percent$$00000000)
    _printf_percent_end                      0x08000167   Thumb Code     0  _printf_percent_end.o(.ARM.Collect$$_printf_percent$$00000017)
    __rt_lib_init                            0x0800016b   Thumb Code     0  libinit.o(.ARM.Collect$$libinit$$00000000)
    __rt_lib_init_fp_1                       0x0800016d   Thumb Code     0  libinit2.o(.ARM.Collect$$libinit$$00000002)
    __rt_lib_init_heap_1                     0x0800016d   Thumb Code     0  libinit2.o(.ARM.Collect$$libinit$$0000000A)
    __rt_lib_init_lc_common                  0x0800016d   Thumb Code     0  libinit2.o(.ARM.Collect$$libinit$$0000000F)
    __rt_lib_init_preinit_1                  0x0800016d   Thumb Code     0  libinit2.o(.ARM.Collect$$libinit$$00000004)
    __rt_lib_init_rand_1                     0x0800016d   Thumb Code     0  libinit2.o(.ARM.Collect$$libinit$$0000000E)
    __rt_lib_init_user_alloc_1               0x0800016d   Thumb Code     0  libinit2.o(.ARM.Collect$$libinit$$0000000C)
    __rt_lib_init_lc_collate_1               0x08000173   Thumb Code     0  libinit2.o(.ARM.Collect$$libinit$$00000011)
    __rt_lib_init_lc_ctype_1                 0x08000173   Thumb Code     0  libinit2.o(.ARM.Collect$$libinit$$00000013)
    __rt_lib_init_lc_monetary_1              0x08000173   Thumb Code     0  libinit2.o(.ARM.Collect$$libinit$$00000015)
    __rt_lib_init_lc_numeric_2               0x08000173   Thumb Code     0  libinit2.o(.ARM.Collect$$libinit$$00000016)
    __rt_lib_init_alloca_1                   0x0800017d   Thumb Code     0  libinit2.o(.ARM.Collect$$libinit$$0000002E)
    __rt_lib_init_argv_1                     0x0800017d   Thumb Code     0  libinit2.o(.ARM.Collect$$libinit$$0000002C)
    __rt_lib_init_atexit_1                   0x0800017d   Thumb Code     0  libinit2.o(.ARM.Collect$$libinit$$0000001B)
    __rt_lib_init_clock_1                    0x0800017d   Thumb Code     0  libinit2.o(.ARM.Collect$$libinit$$00000021)
    __rt_lib_init_cpp_1                      0x0800017d   Thumb Code     0  libinit2.o(.ARM.Collect$$libinit$$00000032)
    __rt_lib_init_exceptions_1               0x0800017d   Thumb Code     0  libinit2.o(.ARM.Collect$$libinit$$00000030)
    __rt_lib_init_fp_trap_1                  0x0800017d   Thumb Code     0  libinit2.o(.ARM.Collect$$libinit$$0000001F)
    __rt_lib_init_getenv_1                   0x0800017d   Thumb Code     0  libinit2.o(.ARM.Collect$$libinit$$00000023)
    __rt_lib_init_lc_numeric_1               0x0800017d   Thumb Code     0  libinit2.o(.ARM.Collect$$libinit$$00000017)
    __rt_lib_init_lc_time_1                  0x0800017d   Thumb Code     0  libinit2.o(.ARM.Collect$$libinit$$00000019)
    __rt_lib_init_return                     0x0800017d   Thumb Code     0  libinit2.o(.ARM.Collect$$libinit$$00000033)
    __rt_lib_init_signal_1                   0x0800017d   Thumb Code     0  libinit2.o(.ARM.Collect$$libinit$$0000001D)
    __rt_lib_init_stdio_1                    0x0800017d   Thumb Code     0  libinit2.o(.ARM.Collect$$libinit$$00000025)
    __rt_lib_shutdown                        0x0800017f   Thumb Code     0  libshutdown.o(.ARM.Collect$$libshutdown$$00000000)
    __rt_lib_shutdown_cpp_1                  0x08000181   Thumb Code     0  libshutdown2.o(.ARM.Collect$$libshutdown$$00000002)
    __rt_lib_shutdown_fp_trap_1              0x08000181   Thumb Code     0  libshutdown2.o(.ARM.Collect$$libshutdown$$00000007)
    __rt_lib_shutdown_heap_1                 0x08000181   Thumb Code     0  libshutdown2.o(.ARM.Collect$$libshutdown$$0000000F)
    __rt_lib_shutdown_return                 0x08000181   Thumb Code     0  libshutdown2.o(.ARM.Collect$$libshutdown$$00000010)
    __rt_lib_shutdown_signal_1               0x08000181   Thumb Code     0  libshutdown2.o(.ARM.Collect$$libshutdown$$0000000A)
    __rt_lib_shutdown_stdio_1                0x08000181   Thumb Code     0  libshutdown2.o(.ARM.Collect$$libshutdown$$00000004)
    __rt_lib_shutdown_user_alloc_1           0x08000181   Thumb Code     0  libshutdown2.o(.ARM.Collect$$libshutdown$$0000000C)
    __rt_entry                               0x08000183   Thumb Code     0  __rtentry.o(.ARM.Collect$$rtentry$$00000000)
    __rt_entry_presh_1                       0x08000183   Thumb Code     0  __rtentry2.o(.ARM.Collect$$rtentry$$00000002)
    __rt_entry_sh                            0x08000183   Thumb Code     0  __rtentry4.o(.ARM.Collect$$rtentry$$00000004)
    __rt_entry_li                            0x08000189   Thumb Code     0  __rtentry2.o(.ARM.Collect$$rtentry$$0000000A)
    __rt_entry_postsh_1                      0x08000189   Thumb Code     0  __rtentry2.o(.ARM.Collect$$rtentry$$00000009)
    __rt_entry_main                          0x0800018d   Thumb Code     0  __rtentry2.o(.ARM.Collect$$rtentry$$0000000D)
    __rt_entry_postli_1                      0x0800018d   Thumb Code     0  __rtentry2.o(.ARM.Collect$$rtentry$$0000000C)
    __rt_exit                                0x08000195   Thumb Code     0  rtexit.o(.ARM.Collect$$rtexit$$00000000)
    __rt_exit_ls                             0x08000197   Thumb Code     0  rtexit2.o(.ARM.Collect$$rtexit$$00000003)
    __rt_exit_prels_1                        0x08000197   Thumb Code     0  rtexit2.o(.ARM.Collect$$rtexit$$00000002)
    __rt_exit_exit                           0x0800019b   Thumb Code     0  rtexit2.o(.ARM.Collect$$rtexit$$00000004)
    Reset_Handler                            0x080001a1   Thumb Code     8  startup_stm32f10x_md.o(.text)
    NMI_Handler                              0x080001a9   Thumb Code     2  startup_stm32f10x_md.o(.text)
    HardFault_Handler                        0x080001ab   Thumb Code     2  startup_stm32f10x_md.o(.text)
    MemManage_Handler                        0x080001ad   Thumb Code     2  startup_stm32f10x_md.o(.text)
    BusFault_Handler                         0x080001af   Thumb Code     2  startup_stm32f10x_md.o(.text)
    UsageFault_Handler                       0x080001b1   Thumb Code     2  startup_stm32f10x_md.o(.text)
    SVC_Handler                              0x080001b3   Thumb Code     2  startup_stm32f10x_md.o(.text)
    DebugMon_Handler                         0x080001b5   Thumb Code     2  startup_stm32f10x_md.o(.text)
    PendSV_Handler                           0x080001b7   Thumb Code     2  startup_stm32f10x_md.o(.text)
    SysTick_Handler                          0x080001b9   Thumb Code     2  startup_stm32f10x_md.o(.text)
    CAN1_RX1_IRQHandler                      0x080001bb   Thumb Code     0  startup_stm32f10x_md.o(.text)
    CAN1_SCE_IRQHandler                      0x080001bb   Thumb Code     0  startup_stm32f10x_md.o(.text)
    DMA1_Channel1_IRQHandler                 0x080001bb   Thumb Code     0  startup_stm32f10x_md.o(.text)
    DMA1_Channel3_IRQHandler                 0x080001bb   Thumb Code     0  startup_stm32f10x_md.o(.text)
    DMA1_Channel4_IRQHandler                 0x080001bb   Thumb Code     0  startup_stm32f10x_md.o(.text)
    DMA1_Channel5_IRQHandler                 0x080001bb   Thumb Code     0  startup_stm32f10x_md.o(.text)
    DMA1_Channel6_IRQHandler                 0x080001bb   Thumb Code     0  startup_stm32f10x_md.o(.text)
    DMA1_Channel7_IRQHandler                 0x080001bb   Thumb Code     0  startup_stm32f10x_md.o(.text)
    EXTI0_IRQHandler                         0x080001bb   Thumb Code     0  startup_stm32f10x_md.o(.text)
    EXTI15_10_IRQHandler                     0x080001bb   Thumb Code     0  startup_stm32f10x_md.o(.text)
    EXTI1_IRQHandler                         0x080001bb   Thumb Code     0  startup_stm32f10x_md.o(.text)
    EXTI2_IRQHandler                         0x080001bb   Thumb Code     0  startup_stm32f10x_md.o(.text)
    EXTI3_IRQHandler                         0x080001bb   Thumb Code     0  startup_stm32f10x_md.o(.text)
    EXTI4_IRQHandler                         0x080001bb   Thumb Code     0  startup_stm32f10x_md.o(.text)
    EXTI9_5_IRQHandler                       0x080001bb   Thumb Code     0  startup_stm32f10x_md.o(.text)
    FLASH_IRQHandler                         0x080001bb   Thumb Code     0  startup_stm32f10x_md.o(.text)
    I2C1_ER_IRQHandler                       0x080001bb   Thumb Code     0  startup_stm32f10x_md.o(.text)
    I2C1_EV_IRQHandler                       0x080001bb   Thumb Code     0  startup_stm32f10x_md.o(.text)
    I2C2_ER_IRQHandler                       0x080001bb   Thumb Code     0  startup_stm32f10x_md.o(.text)
    I2C2_EV_IRQHandler                       0x080001bb   Thumb Code     0  startup_stm32f10x_md.o(.text)
    PVD_IRQHandler                           0x080001bb   Thumb Code     0  startup_stm32f10x_md.o(.text)
    RCC_IRQHandler                           0x080001bb   Thumb Code     0  startup_stm32f10x_md.o(.text)
    RTCAlarm_IRQHandler                      0x080001bb   Thumb Code     0  startup_stm32f10x_md.o(.text)
    RTC_IRQHandler                           0x080001bb   Thumb Code     0  startup_stm32f10x_md.o(.text)
    SPI1_IRQHandler                          0x080001bb   Thumb Code     0  startup_stm32f10x_md.o(.text)
    SPI2_IRQHandler                          0x080001bb   Thumb Code     0  startup_stm32f10x_md.o(.text)
    TAMPER_IRQHandler                        0x080001bb   Thumb Code     0  startup_stm32f10x_md.o(.text)
    TIM1_BRK_IRQHandler                      0x080001bb   Thumb Code     0  startup_stm32f10x_md.o(.text)
    TIM1_CC_IRQHandler                       0x080001bb   Thumb Code     0  startup_stm32f10x_md.o(.text)
    TIM1_TRG_COM_IRQHandler                  0x080001bb   Thumb Code     0  startup_stm32f10x_md.o(.text)
    TIM1_UP_IRQHandler                       0x080001bb   Thumb Code     0  startup_stm32f10x_md.o(.text)
    TIM2_IRQHandler                          0x080001bb   Thumb Code     0  startup_stm32f10x_md.o(.text)
    TIM3_IRQHandler                          0x080001bb   Thumb Code     0  startup_stm32f10x_md.o(.text)
    TIM4_IRQHandler                          0x080001bb   Thumb Code     0  startup_stm32f10x_md.o(.text)
    USART1_IRQHandler                        0x080001bb   Thumb Code     0  startup_stm32f10x_md.o(.text)
    USART2_IRQHandler                        0x080001bb   Thumb Code     0  startup_stm32f10x_md.o(.text)
    USART3_IRQHandler                        0x080001bb   Thumb Code     0  startup_stm32f10x_md.o(.text)
    USBWakeUp_IRQHandler                     0x080001bb   Thumb Code     0  startup_stm32f10x_md.o(.text)
    USB_HP_CAN1_TX_IRQHandler                0x080001bb   Thumb Code     0  startup_stm32f10x_md.o(.text)
    USB_LP_CAN1_RX0_IRQHandler               0x080001bb   Thumb Code     0  startup_stm32f10x_md.o(.text)
    WWDG_IRQHandler                          0x080001bb   Thumb Code     0  startup_stm32f10x_md.o(.text)
    __user_initial_stackheap                 0x080001bd   Thumb Code     0  startup_stm32f10x_md.o(.text)
    __2sprintf                               0x080001e1   Thumb Code    34  noretval__2sprintf.o(.text)
    __printf                                 0x08000209   Thumb Code   270  __printf_wp.o(.text)
    __aeabi_memset                           0x08000317   Thumb Code    16  aeabi_memset.o(.text)
    __aeabi_memclr                           0x08000327   Thumb Code     0  rt_memclr.o(.text)
    __rt_memclr                              0x08000327   Thumb Code    68  rt_memclr.o(.text)
    _memset                                  0x0800032b   Thumb Code     0  rt_memclr.o(.text)
    __aeabi_memclr4                          0x0800036b   Thumb Code     0  rt_memclr_w.o(.text)
    __aeabi_memclr8                          0x0800036b   Thumb Code     0  rt_memclr_w.o(.text)
    __rt_memclr_w                            0x0800036b   Thumb Code    78  rt_memclr_w.o(.text)
    _memset_w                                0x0800036f   Thumb Code     0  rt_memclr_w.o(.text)
    __use_two_region_memory                  0x080003b9   Thumb Code     2  heapauxi.o(.text)
    __rt_heap_escrow$2region                 0x080003bb   Thumb Code     2  heapauxi.o(.text)
    __rt_heap_expand$2region                 0x080003bd   Thumb Code     2  heapauxi.o(.text)
    __read_errno                             0x080003bf   Thumb Code    10  _rserrno.o(.text)
    __set_errno                              0x080003c9   Thumb Code    12  _rserrno.o(.text)
    __lib_sel_fp_printf                      0x080003d5   Thumb Code     2  _printf_fp_dec.o(.text)
    _printf_fp_dec_real                      0x08000587   Thumb Code   620  _printf_fp_dec.o(.text)
    _printf_char_common                      0x080007ff   Thumb Code    32  _printf_char_common.o(.text)
    _sputc                                   0x08000825   Thumb Code    10  _sputc.o(.text)
    __rt_locale                              0x08000831   Thumb Code     8  rt_locale_intlibspace.o(.text)
    __aeabi_errno_addr                       0x08000839   Thumb Code     8  rt_errno_addr_intlibspace.o(.text)
    __errno$intlibspace                      0x08000839   Thumb Code     0  rt_errno_addr_intlibspace.o(.text)
    __rt_errno_addr$intlibspace              0x08000839   Thumb Code     0  rt_errno_addr_intlibspace.o(.text)
    _ll_udiv10                               0x08000841   Thumb Code   138  lludiv10.o(.text)
    _printf_fp_infnan                        0x080008cd   Thumb Code   112  _printf_fp_infnan.o(.text)
    _btod_etento                             0x0800094d   Thumb Code   224  bigflt0.o(.text)
    __user_libspace                          0x08000a31   Thumb Code     8  libspace.o(.text)
    __user_perproc_libspace                  0x08000a31   Thumb Code     0  libspace.o(.text)
    __user_perthread_libspace                0x08000a31   Thumb Code     0  libspace.o(.text)
    __user_setup_stackheap                   0x08000a39   Thumb Code    74  sys_stackheap_outer.o(.text)
    exit                                     0x08000a83   Thumb Code    18  exit.o(.text)
    strcmp                                   0x08000a95   Thumb Code   128  strcmpv7m.o(.text)
    _sys_exit                                0x08000b15   Thumb Code     8  sys_exit.o(.text)
    __I$use$semihosting                      0x08000b21   Thumb Code     0  use_no_semi.o(.text)
    __use_no_semihosting_swi                 0x08000b21   Thumb Code     2  use_no_semi.o(.text)
    __semihosting_library_function           0x08000b23   Thumb Code     0  indicate_semi.o(.text)
    _btod_d2e                                0x08000b23   Thumb Code    62  btod.o(CL$$btod_d2e)
    _d2e_denorm_low                          0x08000b61   Thumb Code    70  btod.o(CL$$btod_d2e_denorm_low)
    _d2e_norm_op1                            0x08000ba7   Thumb Code    96  btod.o(CL$$btod_d2e_norm_op1)
    __btod_div_common                        0x08000c07   Thumb Code   696  btod.o(CL$$btod_div_common)
    _e2e                                     0x08000f3f   Thumb Code   220  btod.o(CL$$btod_e2e)
    _btod_ediv                               0x0800101b   Thumb Code    42  btod.o(CL$$btod_ediv)
    _btod_emul                               0x08001045   Thumb Code    42  btod.o(CL$$btod_emul)
    __btod_mult_common                       0x0800106f   Thumb Code   580  btod.o(CL$$btod_mult_common)
    ADC1_2_IRQHandler                        0x080012b5   Thumb Code   184  mainw3p.o(i.ADC1_2_IRQHandler)
    ADC_AnalogWatchdogCmd                    0x08001389   Thumb Code    16  stm32f10x_adc.o(i.ADC_AnalogWatchdogCmd)
    ADC_AnalogWatchdogSingleChannelConfig    0x0800139d   Thumb Code    16  stm32f10x_adc.o(i.ADC_AnalogWatchdogSingleChannelConfig)
    ADC_AnalogWatchdogThresholdsConfig       0x080013ad   Thumb Code     6  stm32f10x_adc.o(i.ADC_AnalogWatchdogThresholdsConfig)
    ADC_ClearITPendingBit                    0x080013b3   Thumb Code    10  stm32f10x_adc.o(i.ADC_ClearITPendingBit)
    ADC_Cmd                                  0x080013bd   Thumb Code    22  stm32f10x_adc.o(i.ADC_Cmd)
    ADC_GetCalibrationStatus                 0x080013d3   Thumb Code    20  stm32f10x_adc.o(i.ADC_GetCalibrationStatus)
    ADC_GetConversionValue                   0x080013e7   Thumb Code     8  stm32f10x_adc.o(i.ADC_GetConversionValue)
    ADC_GetFlagStatus                        0x080013ef   Thumb Code    18  stm32f10x_adc.o(i.ADC_GetFlagStatus)
    ADC_GetITStatus                          0x08001401   Thumb Code    36  stm32f10x_adc.o(i.ADC_GetITStatus)
    ADC_GetResetCalibrationStatus            0x08001425   Thumb Code    20  stm32f10x_adc.o(i.ADC_GetResetCalibrationStatus)
    ADC_ITConfig                             0x08001439   Thumb Code    24  stm32f10x_adc.o(i.ADC_ITConfig)
    ADC_Init                                 0x08001451   Thumb Code    70  stm32f10x_adc.o(i.ADC_Init)
    ADC_RegularChannelConfig                 0x080014a1   Thumb Code   184  stm32f10x_adc.o(i.ADC_RegularChannelConfig)
    ADC_ResetCalibration                     0x08001559   Thumb Code    10  stm32f10x_adc.o(i.ADC_ResetCalibration)
    ADC_SoftwareStartConvCmd                 0x08001563   Thumb Code    22  stm32f10x_adc.o(i.ADC_SoftwareStartConvCmd)
    ADC_StartCalibration                     0x08001579   Thumb Code    10  stm32f10x_adc.o(i.ADC_StartCalibration)
    ADC_StructInit                           0x08001583   Thumb Code    18  stm32f10x_adc.o(i.ADC_StructInit)
    Abs                                      0x08001595   Thumb Code    14  mainw3p.o(i.Abs)
    AmpControlOK                             0x080015a5   Thumb Code   270  mainw3p.o(i.AmpControlOK)
    DMA1_Channel2_IRQHandler                 0x080016d5   Thumb Code   262  mainw3p.o(i.DMA1_Channel2_IRQHandler)
    DMA_ClearITPendingBit                    0x08001809   Thumb Code    18  stm32f10x_dma.o(i.DMA_ClearITPendingBit)
    DMA_Cmd                                  0x08001825   Thumb Code    24  stm32f10x_dma.o(i.DMA_Cmd)
    DMA_ITConfig                             0x0800183d   Thumb Code    18  stm32f10x_dma.o(i.DMA_ITConfig)
    DMA_Init                                 0x0800184f   Thumb Code    60  stm32f10x_dma.o(i.DMA_Init)
    DMA_StructInit                           0x0800188b   Thumb Code    26  stm32f10x_dma.o(i.DMA_StructInit)
    DoErrorState                             0x080018a5   Thumb Code    68  mainw3p.o(i.DoErrorState)
    GPIO_Init                                0x08001901   Thumb Code   278  stm32f10x_gpio.o(i.GPIO_Init)
    GPIO_ReadInputDataBit                    0x08001a17   Thumb Code    18  stm32f10x_gpio.o(i.GPIO_ReadInputDataBit)
    GPIO_ResetBits                           0x08001a29   Thumb Code     4  stm32f10x_gpio.o(i.GPIO_ResetBits)
    GPIO_SetBits                             0x08001a2d   Thumb Code     4  stm32f10x_gpio.o(i.GPIO_SetBits)
    GPIO_StructInit                          0x08001a31   Thumb Code    16  stm32f10x_gpio.o(i.GPIO_StructInit)
    GetValFriq                               0x08001a41   Thumb Code    96  mainw3p.o(i.GetValFriq)
    I2C_CheckEvent                           0x08001aad   Thumb Code    42  stm32f10x_i2c.o(i.I2C_CheckEvent)
    I2C_Cmd                                  0x08001ad7   Thumb Code    24  stm32f10x_i2c.o(i.I2C_Cmd)
    I2C_Init                                 0x08001af1   Thumb Code   222  stm32f10x_i2c.o(i.I2C_Init)
    InitIO2Manual                            0x08001bdd   Thumb Code   130  mainw3p.o(i.InitIO2Manual)
    InitIOPWM2Manual                         0x08001c6d   Thumb Code    72  mainw3p.o(i.InitIOPWM2Manual)
    NVIC_Init                                0x08001cbd   Thumb Code   100  misc.o(i.NVIC_Init)
    OverloadCorrection                       0x08001d2d   Thumb Code   162  mainw3p.o(i.OverloadCorrection)
    PowerInit                                0x08001de5   Thumb Code   116  mainw3p.o(i.PowerInit)
    RCC_AHBPeriphClockCmd                    0x08001e69   Thumb Code    26  stm32f10x_rcc.o(i.RCC_AHBPeriphClockCmd)
    RCC_APB1PeriphClockCmd                   0x08001e89   Thumb Code    26  stm32f10x_rcc.o(i.RCC_APB1PeriphClockCmd)
    RCC_APB2PeriphClockCmd                   0x08001ea9   Thumb Code    26  stm32f10x_rcc.o(i.RCC_APB2PeriphClockCmd)
    RCC_GetClocksFreq                        0x08001ec9   Thumb Code   192  stm32f10x_rcc.o(i.RCC_GetClocksFreq)
    SSD1306_DrawLine                         0x08001f9d   Thumb Code   330  ssd1306.o(i.SSD1306_DrawLine)
    SSD1306_DrawPixel                        0x080020e9   Thumb Code   152  ssd1306.o(i.SSD1306_DrawPixel)
    SSD1306_DrawRectangle                    0x08002189   Thumb Code   136  ssd1306.o(i.SSD1306_DrawRectangle)
    SSD1306_Fill                             0x08002211   Thumb Code    26  ssd1306.o(i.SSD1306_Fill)
    SSD1306_GotoXY                           0x08002231   Thumb Code     8  ssd1306.o(i.SSD1306_GotoXY)
    SSD1306_Init                             0x0800223d   Thumb Code   372  ssd1306.o(i.SSD1306_Init)
    SSD1306_Putc                             0x080023b9   Thumb Code   164  ssd1306.o(i.SSD1306_Putc)
    SSD1306_Puts                             0x08002461   Thumb Code    42  ssd1306.o(i.SSD1306_Puts)
    SSD1306_UpdateScreen                     0x0800248d   Thumb Code    78  ssd1306.o(i.SSD1306_UpdateScreen)
    SeekHzVal                                0x080024e5   Thumb Code    34  mainw3p.o(i.SeekHzVal)
    SetFrequency                             0x08002509   Thumb Code    40  mainw3p.o(i.SetFrequency)
    SetPrescaler                             0x08002535   Thumb Code   184  mainw3p.o(i.SetPrescaler)
    Start                                    0x080026ed   Thumb Code   224  mainw3p.o(i.Start)
    Stop                                     0x080027dd   Thumb Code   372  mainw3p.o(i.Stop)
    SystemInit                               0x08002975   Thumb Code    78  system_stm32f10x.o(i.SystemInit)
    TIM_BDTRConfig                           0x080029d5   Thumb Code    32  stm32f10x_tim.o(i.TIM_BDTRConfig)
    TIM_Cmd                                  0x080029f5   Thumb Code    24  stm32f10x_tim.o(i.TIM_Cmd)
    TIM_CtrlPWMOutputs                       0x08002a0d   Thumb Code    30  stm32f10x_tim.o(i.TIM_CtrlPWMOutputs)
    TIM_DMACmd                               0x08002a2b   Thumb Code    18  stm32f10x_tim.o(i.TIM_DMACmd)
    TIM_OC1Init                              0x08002a3d   Thumb Code   132  stm32f10x_tim.o(i.TIM_OC1Init)
    TIM_OC1PreloadConfig                     0x08002ad5   Thumb Code    18  stm32f10x_tim.o(i.TIM_OC1PreloadConfig)
    TIM_OC2Init                              0x08002ae9   Thumb Code   154  stm32f10x_tim.o(i.TIM_OC2Init)
    TIM_OC2PreloadConfig                     0x08002b8d   Thumb Code    26  stm32f10x_tim.o(i.TIM_OC2PreloadConfig)
    TIM_OC3Init                              0x08002ba9   Thumb Code   150  stm32f10x_tim.o(i.TIM_OC3Init)
    TIM_OC3PreloadConfig                     0x08002c49   Thumb Code    18  stm32f10x_tim.o(i.TIM_OC3PreloadConfig)
    TIM_TimeBaseInit                         0x08002c5d   Thumb Code   122  stm32f10x_tim.o(i.TIM_TimeBaseInit)
    TIM_TimeBaseStructInit                   0x08002d01   Thumb Code    18  stm32f10x_tim.o(i.TIM_TimeBaseStructInit)
    TempControl                              0x08002d15   Thumb Code   312  mainw3p.o(i.TempControl)
    ToStart                                  0x08002e89   Thumb Code    62  mainw3p.o(i.ToStart)
    ToStop                                   0x08002ed5   Thumb Code    44  mainw3p.o(i.ToStop)
    UpdateLCD                                0x08002f05   Thumb Code   412  mainw3p.o(i.UpdateLCD)
    __ARM_fpclassify                         0x08003125   Thumb Code    40  fpclassify.o(i.__ARM_fpclassify)
    __ieee754_rem_pio2                       0x0800314d   Thumb Code   828  rred.o(i.__ieee754_rem_pio2)
    __kernel_cos                             0x080034d5   Thumb Code   230  cos_i.o(i.__kernel_cos)
    __kernel_poly                            0x080035d1   Thumb Code   170  poly.o(i.__kernel_poly)
    __kernel_sin                             0x0800367d   Thumb Code   224  sin_i.o(i.__kernel_sin)
    __mathlib_dbl_divzero                    0x08003769   Thumb Code    12  dunder.o(i.__mathlib_dbl_divzero)
    __mathlib_dbl_infnan                     0x08003779   Thumb Code     6  dunder.o(i.__mathlib_dbl_infnan)
    __mathlib_dbl_invalid                    0x0800377f   Thumb Code    12  dunder.o(i.__mathlib_dbl_invalid)
    __mathlib_dbl_underflow                  0x0800378d   Thumb Code    10  dunder.o(i.__mathlib_dbl_underflow)
    _is_digit                                0x0800379d   Thumb Code    14  __printf_wp.o(i._is_digit)
    adcVoltage_init                          0x080037ad   Thumb Code   194  mainw3p.o(i.adcVoltage_init)
    adc_init                                 0x08003879   Thumb Code   102  mainw3p.o(i.adc_init)
    analogRead                               0x080038e5   Thumb Code    46  mainw3p.o(i.analogRead)
    delay_ms                                 0x08003919   Thumb Code    68  mainw3p.o(i.delay_ms)
    initIO                                   0x08003969   Thumb Code    70  mainw3p.o(i.initIO)
    log                                      0x080039b9   Thumb Code   808  log.o(i.log)
    main                                     0x08003d15   Thumb Code   258  mainw3p.o(i.main)
    sin                                      0x08003e39   Thumb Code   150  sin.o(i.sin)
    sinDMA_PhaseA                            0x08003ed9   Thumb Code   138  mainw3p.o(i.sinDMA_PhaseA)
    sinDMA_PhaseB                            0x08003f75   Thumb Code    84  mainw3p.o(i.sinDMA_PhaseB)
    sinDMA_PhaseC                            0x08003fd9   Thumb Code    84  mainw3p.o(i.sinDMA_PhaseC)
    ssd1306_I2C_Init                         0x08004269   Thumb Code   106  ssd1306_i2c.o(i.ssd1306_I2C_Init)
    ssd1306_I2C_Start                        0x080042e1   Thumb Code   180  ssd1306_i2c.o(i.ssd1306_I2C_Start)
    ssd1306_I2C_Stop                         0x080043a1   Thumb Code    60  ssd1306_i2c.o(i.ssd1306_I2C_Stop)
    ssd1306_I2C_Write                        0x080043e1   Thumb Code    62  ssd1306_i2c.o(i.ssd1306_I2C_Write)
    ssd1306_I2C_WriteData                    0x08004425   Thumb Code    52  ssd1306_i2c.o(i.ssd1306_I2C_WriteData)
    ssd1306_I2C_WriteMulti                   0x08004461   Thumb Code    78  ssd1306_i2c.o(i.ssd1306_I2C_WriteMulti)
    timers                                   0x080044b5   Thumb Code   198  mainw3p.o(i.timers)
    _get_lc_numeric                          0x08004585   Thumb Code    44  lc_numeric_c.o(locale$$code)
    __aeabi_d2f                              0x080045b1   Thumb Code     0  d2f.o(x$fpl$d2f)
    _d2f                                     0x080045b1   Thumb Code    98  d2f.o(x$fpl$d2f)
    __aeabi_dadd                             0x08004615   Thumb Code     0  daddsub_clz.o(x$fpl$dadd)
    _dadd                                    0x08004615   Thumb Code   332  daddsub_clz.o(x$fpl$dadd)
    __fpl_dcheck_NaN1                        0x08004765   Thumb Code    10  dcheck1.o(x$fpl$dcheck1)
    __fpl_dcmp_Inf                           0x08004775   Thumb Code    24  dcmpi.o(x$fpl$dcmpinf)
    __aeabi_ddiv                             0x0800478d   Thumb Code     0  ddiv.o(x$fpl$ddiv)
    _ddiv                                    0x0800478d   Thumb Code   552  ddiv.o(x$fpl$ddiv)
    __aeabi_cdcmpeq                          0x08004a3d   Thumb Code     0  deqf.o(x$fpl$deqf)
    _dcmpeq                                  0x08004a3d   Thumb Code   120  deqf.o(x$fpl$deqf)
    __aeabi_d2iz                             0x08004ab5   Thumb Code     0  dfix.o(x$fpl$dfix)
    _dfix                                    0x08004ab5   Thumb Code    94  dfix.o(x$fpl$dfix)
    __aeabi_d2uiz                            0x08004b15   Thumb Code     0  dfixu.o(x$fpl$dfixu)
    _dfixu                                   0x08004b15   Thumb Code    90  dfixu.o(x$fpl$dfixu)
    __aeabi_i2d                              0x08004b6f   Thumb Code     0  dflt_clz.o(x$fpl$dflt)
    _dflt                                    0x08004b6f   Thumb Code    46  dflt_clz.o(x$fpl$dflt)
    __aeabi_ui2d                             0x08004b9d   Thumb Code     0  dflt_clz.o(x$fpl$dfltu)
    _dfltu                                   0x08004b9d   Thumb Code    38  dflt_clz.o(x$fpl$dfltu)
    __aeabi_cdcmple                          0x08004bc5   Thumb Code     0  dleqf.o(x$fpl$dleqf)
    _dcmple                                  0x08004bc5   Thumb Code   120  dleqf.o(x$fpl$dleqf)
    __fpl_dcmple_InfNaN                      0x08004c27   Thumb Code     0  dleqf.o(x$fpl$dleqf)
    __aeabi_dmul                             0x08004c3d   Thumb Code     0  dmul.o(x$fpl$dmul)
    _dmul                                    0x08004c3d   Thumb Code   332  dmul.o(x$fpl$dmul)
    __fpl_dnaninf                            0x08004d91   Thumb Code   156  dnaninf.o(x$fpl$dnaninf)
    __fpl_dretinf                            0x08004e2d   Thumb Code    12  dretinf.o(x$fpl$dretinf)
    __aeabi_cdrcmple                         0x08004e39   Thumb Code     0  drleqf.o(x$fpl$drleqf)
    _drcmple                                 0x08004e39   Thumb Code   108  drleqf.o(x$fpl$drleqf)
    __aeabi_drsub                            0x08004ea5   Thumb Code     0  daddsub_clz.o(x$fpl$drsb)
    _drsb                                    0x08004ea5   Thumb Code    22  daddsub_clz.o(x$fpl$drsb)
    __aeabi_dsub                             0x08004ebd   Thumb Code     0  daddsub_clz.o(x$fpl$dsub)
    _dsub                                    0x08004ebd   Thumb Code   464  daddsub_clz.o(x$fpl$dsub)
    __aeabi_f2d                              0x08005091   Thumb Code     0  f2d.o(x$fpl$f2d)
    _f2d                                     0x08005091   Thumb Code    86  f2d.o(x$fpl$f2d)
    __aeabi_fdiv                             0x080050e9   Thumb Code     0  fdiv.o(x$fpl$fdiv)
    _fdiv                                    0x080050e9   Thumb Code   384  fdiv.o(x$fpl$fdiv)
    __aeabi_f2iz                             0x0800526d   Thumb Code     0  ffix.o(x$fpl$ffix)
    _ffix                                    0x0800526d   Thumb Code    54  ffix.o(x$fpl$ffix)
    __aeabi_i2f                              0x080052a5   Thumb Code     0  fflt_clz.o(x$fpl$fflt)
    _fflt                                    0x080052a5   Thumb Code    48  fflt_clz.o(x$fpl$fflt)
    __aeabi_fmul                             0x080052d5   Thumb Code     0  fmul.o(x$fpl$fmul)
    _fmul                                    0x080052d5   Thumb Code   258  fmul.o(x$fpl$fmul)
    __fpl_fnaninf                            0x080053d7   Thumb Code   140  fnaninf.o(x$fpl$fnaninf)
    __fpl_fretinf                            0x08005463   Thumb Code    10  fretinf.o(x$fpl$fretinf)
    _printf_fp_dec                           0x0800546d   Thumb Code     4  printf1.o(x$fpl$printf1)
    __fpl_return_NaN                         0x08005471   Thumb Code   100  retnan.o(x$fpl$retnan)
    __ARM_scalbn                             0x080054d5   Thumb Code    92  scalbn.o(x$fpl$scalbn)
    __fpl_cmpreturn                          0x08005531   Thumb Code    48  trapv.o(x$fpl$trapveneer)
    Font7x10                                 0x08005560   Data        1900  fonts.o(.constdata)
    __I$use$fp                               0x08005560   Number         0  usenofp.o(x$fpl$usenofp)
    Font11x18                                0x08005ccc   Data        3420  fonts.o(.constdata)
    Font16x26                                0x08006a28   Data        4940  fonts.o(.constdata)
    __mathlib_zero                           0x08007de0   Data           8  qnan.o(.constdata)
    Region$$Table$$Base                      0x08007f6c   Number         0  anon$$obj.o(Region$$Table)
    Region$$Table$$Limit                     0x08007f8c   Number         0  anon$$obj.o(Region$$Table)
    MotorAmperage                            0x20000000   Data           4  mainw3p.o(.data)
    StartSpeed                               0x20000004   Data           4  mainw3p.o(.data)
    StopSpeed                                0x20000008   Data           4  mainw3p.o(.data)
    mTIM_Prescaler                           0x2000000c   Data           4  mainw3p.o(.data)
    TIM_STEPS                                0x20000010   Data           2  mainw3p.o(.data)
    LastTIM_STEPS                            0x20000012   Data           2  mainw3p.o(.data)
    NeedUpdateHz                             0x20000014   Data           1  mainw3p.o(.data)
    ErrorState                               0x20000015   Data           1  mainw3p.o(.data)
    nSetVal                                  0x20000018   Data           4  mainw3p.o(.data)
    NeedFillSinArray                         0x2000001c   Data           1  mainw3p.o(.data)
    CurHz                                    0x20000020   Data           4  mainw3p.o(.data)
    SetHz                                    0x20000024   Data           4  mainw3p.o(.data)
    CurTemp                                  0x20000028   Data           4  mainw3p.o(.data)
    CurVolt                                  0x2000002c   Data           4  mainw3p.o(.data)
    nSetAmp                                  0x20000030   Data           4  mainw3p.o(.data)
    CurrAmp                                  0x20000034   Data           4  mainw3p.o(.data)
    ampOffset                                0x20000038   Data           4  mainw3p.o(.data)
    IsRev                                    0x2000003c   Data           1  mainw3p.o(.data)
    menuMode                                 0x20000040   Data           4  mainw3p.o(.data)
    HasChangesMenu                           0x20000044   Data           1  mainw3p.o(.data)
    Font_7x10                                0x20000048   Data           8  fonts.o(.data)
    Font_11x18                               0x20000050   Data           8  fonts.o(.data)
    Font_16x26                               0x20000058   Data           8  fonts.o(.data)
    SystemCoreClock                          0x20000084   Data           4  system_stm32f10x.o(.data)
    AHBPrescTable                            0x20000088   Data          16  system_stm32f10x.o(.data)
    FSetVals                                 0x20000098   Data          50  mainw3p.o(.bss)
    AmpVals                                  0x200000ca   Data          80  mainw3p.o(.bss)
    sinA                                     0x2000011a   Data        1020  mainw3p.o(.bss)
    sinB                                     0x20000516   Data        1020  mainw3p.o(.bss)
    sinC                                     0x20000912   Data        1020  mainw3p.o(.bss)
    sinM                                     0x20000d0e   Data         510  mainw3p.o(.bss)
    __libspace_start                         0x2000130c   Data          96  libspace.o(.bss)
    __temporary_stack_top$libspace           0x2000136c   Data           0  libspace.o(.bss)



==============================================================================

Memory Map of the image

  Image Entry point : 0x080001a1

  Load Region LR_1 (Base: 0x08000000, Size: 0x00008040, Max: 0xffffffff, ABSOLUTE)

    Execution Region ER_RO (Exec base: 0x08000000, Load base: 0x08000000, Size: 0x00007fa8, Max: 0xffffffff, ABSOLUTE)

    Exec Addr    Load Addr    Size         Type   Attr      Idx    E Section Name        Object

    0x08000000   0x08000000   0x000000ec   Data   RO         5981    RESET               startup_stm32f10x_md.o
    0x080000ec   0x080000ec   0x00000008   Code   RO         6082  * !!!main             c_w.l(__main.o)
    0x080000f4   0x080000f4   0x00000034   Code   RO         6522    !!!scatter          c_w.l(__scatter.o)
    0x08000128   0x08000128   0x0000001a   Code   RO         6524    !!handler_copy      c_w.l(__scatter_copy.o)
    0x08000142   0x08000142   0x00000002   PAD
    0x08000144   0x08000144   0x0000001c   Code   RO         6526    !!handler_zi        c_w.l(__scatter_zi.o)
    0x08000160   0x08000160   0x00000000   Code   RO         6069    .ARM.Collect$$_printf_percent$$00000000  c_w.l(_printf_percent.o)
    0x08000160   0x08000160   0x00000006   Code   RO         6068    .ARM.Collect$$_printf_percent$$00000003  c_w.l(_printf_f.o)
    0x08000166   0x08000166   0x00000004   Code   RO         6235    .ARM.Collect$$_printf_percent$$00000017  c_w.l(_printf_percent_end.o)
    0x0800016a   0x0800016a   0x00000002   Code   RO         6391    .ARM.Collect$$libinit$$00000000  c_w.l(libinit.o)
    0x0800016c   0x0800016c   0x00000000   Code   RO         6393    .ARM.Collect$$libinit$$00000002  c_w.l(libinit2.o)
    0x0800016c   0x0800016c   0x00000000   Code   RO         6395    .ARM.Collect$$libinit$$00000004  c_w.l(libinit2.o)
    0x0800016c   0x0800016c   0x00000000   Code   RO         6398    .ARM.Collect$$libinit$$0000000A  c_w.l(libinit2.o)
    0x0800016c   0x0800016c   0x00000000   Code   RO         6400    .ARM.Collect$$libinit$$0000000C  c_w.l(libinit2.o)
    0x0800016c   0x0800016c   0x00000000   Code   RO         6402    .ARM.Collect$$libinit$$0000000E  c_w.l(libinit2.o)
    0x0800016c   0x0800016c   0x00000006   Code   RO         6403    .ARM.Collect$$libinit$$0000000F  c_w.l(libinit2.o)
    0x08000172   0x08000172   0x00000000   Code   RO         6405    .ARM.Collect$$libinit$$00000011  c_w.l(libinit2.o)
    0x08000172   0x08000172   0x00000000   Code   RO         6407    .ARM.Collect$$libinit$$00000013  c_w.l(libinit2.o)
    0x08000172   0x08000172   0x00000000   Code   RO         6409    .ARM.Collect$$libinit$$00000015  c_w.l(libinit2.o)
    0x08000172   0x08000172   0x0000000a   Code   RO         6410    .ARM.Collect$$libinit$$00000016  c_w.l(libinit2.o)
    0x0800017c   0x0800017c   0x00000000   Code   RO         6411    .ARM.Collect$$libinit$$00000017  c_w.l(libinit2.o)
    0x0800017c   0x0800017c   0x00000000   Code   RO         6413    .ARM.Collect$$libinit$$00000019  c_w.l(libinit2.o)
    0x0800017c   0x0800017c   0x00000000   Code   RO         6415    .ARM.Collect$$libinit$$0000001B  c_w.l(libinit2.o)
    0x0800017c   0x0800017c   0x00000000   Code   RO         6417    .ARM.Collect$$libinit$$0000001D  c_w.l(libinit2.o)
    0x0800017c   0x0800017c   0x00000000   Code   RO         6419    .ARM.Collect$$libinit$$0000001F  c_w.l(libinit2.o)
    0x0800017c   0x0800017c   0x00000000   Code   RO         6421    .ARM.Collect$$libinit$$00000021  c_w.l(libinit2.o)
    0x0800017c   0x0800017c   0x00000000   Code   RO         6423    .ARM.Collect$$libinit$$00000023  c_w.l(libinit2.o)
    0x0800017c   0x0800017c   0x00000000   Code   RO         6425    .ARM.Collect$$libinit$$00000025  c_w.l(libinit2.o)
    0x0800017c   0x0800017c   0x00000000   Code   RO         6429    .ARM.Collect$$libinit$$0000002C  c_w.l(libinit2.o)
    0x0800017c   0x0800017c   0x00000000   Code   RO         6431    .ARM.Collect$$libinit$$0000002E  c_w.l(libinit2.o)
    0x0800017c   0x0800017c   0x00000000   Code   RO         6433    .ARM.Collect$$libinit$$00000030  c_w.l(libinit2.o)
    0x0800017c   0x0800017c   0x00000000   Code   RO         6435    .ARM.Collect$$libinit$$00000032  c_w.l(libinit2.o)
    0x0800017c   0x0800017c   0x00000002   Code   RO         6436    .ARM.Collect$$libinit$$00000033  c_w.l(libinit2.o)
    0x0800017e   0x0800017e   0x00000002   Code   RO         6487    .ARM.Collect$$libshutdown$$00000000  c_w.l(libshutdown.o)
    0x08000180   0x08000180   0x00000000   Code   RO         6505    .ARM.Collect$$libshutdown$$00000002  c_w.l(libshutdown2.o)
    0x08000180   0x08000180   0x00000000   Code   RO         6507    .ARM.Collect$$libshutdown$$00000004  c_w.l(libshutdown2.o)
    0x08000180   0x08000180   0x00000000   Code   RO         6510    .ARM.Collect$$libshutdown$$00000007  c_w.l(libshutdown2.o)
    0x08000180   0x08000180   0x00000000   Code   RO         6513    .ARM.Collect$$libshutdown$$0000000A  c_w.l(libshutdown2.o)
    0x08000180   0x08000180   0x00000000   Code   RO         6515    .ARM.Collect$$libshutdown$$0000000C  c_w.l(libshutdown2.o)
    0x08000180   0x08000180   0x00000000   Code   RO         6518    .ARM.Collect$$libshutdown$$0000000F  c_w.l(libshutdown2.o)
    0x08000180   0x08000180   0x00000002   Code   RO         6519    .ARM.Collect$$libshutdown$$00000010  c_w.l(libshutdown2.o)
    0x08000182   0x08000182   0x00000000   Code   RO         6222    .ARM.Collect$$rtentry$$00000000  c_w.l(__rtentry.o)
    0x08000182   0x08000182   0x00000000   Code   RO         6307    .ARM.Collect$$rtentry$$00000002  c_w.l(__rtentry2.o)
    0x08000182   0x08000182   0x00000006   Code   RO         6319    .ARM.Collect$$rtentry$$00000004  c_w.l(__rtentry4.o)
    0x08000188   0x08000188   0x00000000   Code   RO         6309    .ARM.Collect$$rtentry$$00000009  c_w.l(__rtentry2.o)
    0x08000188   0x08000188   0x00000004   Code   RO         6310    .ARM.Collect$$rtentry$$0000000A  c_w.l(__rtentry2.o)
    0x0800018c   0x0800018c   0x00000000   Code   RO         6312    .ARM.Collect$$rtentry$$0000000C  c_w.l(__rtentry2.o)
    0x0800018c   0x0800018c   0x00000008   Code   RO         6313    .ARM.Collect$$rtentry$$0000000D  c_w.l(__rtentry2.o)
    0x08000194   0x08000194   0x00000002   Code   RO         6439    .ARM.Collect$$rtexit$$00000000  c_w.l(rtexit.o)
    0x08000196   0x08000196   0x00000000   Code   RO         6456    .ARM.Collect$$rtexit$$00000002  c_w.l(rtexit2.o)
    0x08000196   0x08000196   0x00000004   Code   RO         6457    .ARM.Collect$$rtexit$$00000003  c_w.l(rtexit2.o)
    0x0800019a   0x0800019a   0x00000006   Code   RO         6458    .ARM.Collect$$rtexit$$00000004  c_w.l(rtexit2.o)
    0x080001a0   0x080001a0   0x00000040   Code   RO         5982  * .text               startup_stm32f10x_md.o
    0x080001e0   0x080001e0   0x00000028   Code   RO         6044    .text               c_w.l(noretval__2sprintf.o)
    0x08000208   0x08000208   0x0000010e   Code   RO         6056    .text               c_w.l(__printf_wp.o)
    0x08000316   0x08000316   0x00000010   Code   RO         6074    .text               c_w.l(aeabi_memset.o)
    0x08000326   0x08000326   0x00000044   Code   RO         6076    .text               c_w.l(rt_memclr.o)
    0x0800036a   0x0800036a   0x0000004e   Code   RO         6078    .text               c_w.l(rt_memclr_w.o)
    0x080003b8   0x080003b8   0x00000006   Code   RO         6080    .text               c_w.l(heapauxi.o)
    0x080003be   0x080003be   0x00000016   Code   RO         6227    .text               c_w.l(_rserrno.o)
    0x080003d4   0x080003d4   0x0000041e   Code   RO         6229    .text               c_w.l(_printf_fp_dec.o)
    0x080007f2   0x080007f2   0x00000002   PAD
    0x080007f4   0x080007f4   0x00000030   Code   RO         6231    .text               c_w.l(_printf_char_common.o)
    0x08000824   0x08000824   0x0000000a   Code   RO         6233    .text               c_w.l(_sputc.o)
    0x0800082e   0x0800082e   0x00000002   PAD
    0x08000830   0x08000830   0x00000008   Code   RO         6326    .text               c_w.l(rt_locale_intlibspace.o)
    0x08000838   0x08000838   0x00000008   Code   RO         6331    .text               c_w.l(rt_errno_addr_intlibspace.o)
    0x08000840   0x08000840   0x0000008a   Code   RO         6333    .text               c_w.l(lludiv10.o)
    0x080008ca   0x080008ca   0x00000002   PAD
    0x080008cc   0x080008cc   0x00000080   Code   RO         6335    .text               c_w.l(_printf_fp_infnan.o)
    0x0800094c   0x0800094c   0x000000e4   Code   RO         6339    .text               c_w.l(bigflt0.o)
    0x08000a30   0x08000a30   0x00000008   Code   RO         6373    .text               c_w.l(libspace.o)
    0x08000a38   0x08000a38   0x0000004a   Code   RO         6376    .text               c_w.l(sys_stackheap_outer.o)
    0x08000a82   0x08000a82   0x00000012   Code   RO         6378    .text               c_w.l(exit.o)
    0x08000a94   0x08000a94   0x00000080   Code   RO         6384    .text               c_w.l(strcmpv7m.o)
    0x08000b14   0x08000b14   0x0000000c   Code   RO         6453    .text               c_w.l(sys_exit.o)
    0x08000b20   0x08000b20   0x00000002   Code   RO         6474    .text               c_w.l(use_no_semi.o)
    0x08000b22   0x08000b22   0x00000000   Code   RO         6476    .text               c_w.l(indicate_semi.o)
    0x08000b22   0x08000b22   0x0000003e   Code   RO         6342    CL$$btod_d2e        c_w.l(btod.o)
    0x08000b60   0x08000b60   0x00000046   Code   RO         6344    CL$$btod_d2e_denorm_low  c_w.l(btod.o)
    0x08000ba6   0x08000ba6   0x00000060   Code   RO         6343    CL$$btod_d2e_norm_op1  c_w.l(btod.o)
    0x08000c06   0x08000c06   0x00000338   Code   RO         6352    CL$$btod_div_common  c_w.l(btod.o)
    0x08000f3e   0x08000f3e   0x000000dc   Code   RO         6349    CL$$btod_e2e        c_w.l(btod.o)
    0x0800101a   0x0800101a   0x0000002a   Code   RO         6346    CL$$btod_ediv       c_w.l(btod.o)
    0x08001044   0x08001044   0x0000002a   Code   RO         6345    CL$$btod_emul       c_w.l(btod.o)
    0x0800106e   0x0800106e   0x00000244   Code   RO         6351    CL$$btod_mult_common  c_w.l(btod.o)
    0x080012b2   0x080012b2   0x00000002   PAD
    0x080012b4   0x080012b4   0x000000d4   Code   RO            4    i.ADC1_2_IRQHandler  mainw3p.o
    0x08001388   0x08001388   0x00000014   Code   RO         4322    i.ADC_AnalogWatchdogCmd  stm32f10x_adc.o
    0x0800139c   0x0800139c   0x00000010   Code   RO         4323    i.ADC_AnalogWatchdogSingleChannelConfig  stm32f10x_adc.o
    0x080013ac   0x080013ac   0x00000006   Code   RO         4324    i.ADC_AnalogWatchdogThresholdsConfig  stm32f10x_adc.o
    0x080013b2   0x080013b2   0x0000000a   Code   RO         4327    i.ADC_ClearITPendingBit  stm32f10x_adc.o
    0x080013bc   0x080013bc   0x00000016   Code   RO         4328    i.ADC_Cmd           stm32f10x_adc.o
    0x080013d2   0x080013d2   0x00000014   Code   RO         4336    i.ADC_GetCalibrationStatus  stm32f10x_adc.o
    0x080013e6   0x080013e6   0x00000008   Code   RO         4337    i.ADC_GetConversionValue  stm32f10x_adc.o
    0x080013ee   0x080013ee   0x00000012   Code   RO         4339    i.ADC_GetFlagStatus  stm32f10x_adc.o
    0x08001400   0x08001400   0x00000024   Code   RO         4340    i.ADC_GetITStatus   stm32f10x_adc.o
    0x08001424   0x08001424   0x00000014   Code   RO         4342    i.ADC_GetResetCalibrationStatus  stm32f10x_adc.o
    0x08001438   0x08001438   0x00000018   Code   RO         4345    i.ADC_ITConfig      stm32f10x_adc.o
    0x08001450   0x08001450   0x00000050   Code   RO         4346    i.ADC_Init          stm32f10x_adc.o
    0x080014a0   0x080014a0   0x000000b8   Code   RO         4350    i.ADC_RegularChannelConfig  stm32f10x_adc.o
    0x08001558   0x08001558   0x0000000a   Code   RO         4351    i.ADC_ResetCalibration  stm32f10x_adc.o
    0x08001562   0x08001562   0x00000016   Code   RO         4353    i.ADC_SoftwareStartConvCmd  stm32f10x_adc.o
    0x08001578   0x08001578   0x0000000a   Code   RO         4355    i.ADC_StartCalibration  stm32f10x_adc.o
    0x08001582   0x08001582   0x00000012   Code   RO         4356    i.ADC_StructInit    stm32f10x_adc.o
    0x08001594   0x08001594   0x0000000e   Code   RO            5    i.Abs               mainw3p.o
    0x080015a2   0x080015a2   0x00000002   PAD
    0x080015a4   0x080015a4   0x00000130   Code   RO            6    i.AmpControlOK      mainw3p.o
    0x080016d4   0x080016d4   0x00000134   Code   RO            7    i.DMA1_Channel2_IRQHandler  mainw3p.o
    0x08001808   0x08001808   0x0000001c   Code   RO         4557    i.DMA_ClearITPendingBit  stm32f10x_dma.o
    0x08001824   0x08001824   0x00000018   Code   RO         4558    i.DMA_Cmd           stm32f10x_dma.o
    0x0800183c   0x0800183c   0x00000012   Code   RO         4563    i.DMA_ITConfig      stm32f10x_dma.o
    0x0800184e   0x0800184e   0x0000003c   Code   RO         4564    i.DMA_Init          stm32f10x_dma.o
    0x0800188a   0x0800188a   0x0000001a   Code   RO         4566    i.DMA_StructInit    stm32f10x_dma.o
    0x080018a4   0x080018a4   0x0000005c   Code   RO            8    i.DoErrorState      mainw3p.o
    0x08001900   0x08001900   0x00000116   Code   RO         4832    i.GPIO_Init         stm32f10x_gpio.o
    0x08001a16   0x08001a16   0x00000012   Code   RO         4836    i.GPIO_ReadInputDataBit  stm32f10x_gpio.o
    0x08001a28   0x08001a28   0x00000004   Code   RO         4839    i.GPIO_ResetBits    stm32f10x_gpio.o
    0x08001a2c   0x08001a2c   0x00000004   Code   RO         4840    i.GPIO_SetBits      stm32f10x_gpio.o
    0x08001a30   0x08001a30   0x00000010   Code   RO         4841    i.GPIO_StructInit   stm32f10x_gpio.o
    0x08001a40   0x08001a40   0x0000006c   Code   RO            9    i.GetValFriq        mainw3p.o
    0x08001aac   0x08001aac   0x0000002a   Code   RO         4955    i.I2C_CheckEvent    stm32f10x_i2c.o
    0x08001ad6   0x08001ad6   0x00000018   Code   RO         4958    i.I2C_Cmd           stm32f10x_i2c.o
    0x08001aee   0x08001aee   0x00000002   PAD
    0x08001af0   0x08001af0   0x000000ec   Code   RO         4972    i.I2C_Init          stm32f10x_i2c.o
    0x08001bdc   0x08001bdc   0x00000090   Code   RO           10    i.InitIO2Manual     mainw3p.o
    0x08001c6c   0x08001c6c   0x00000050   Code   RO           11    i.InitIOPWM2Manual  mainw3p.o
    0x08001cbc   0x08001cbc   0x00000070   Code   RO         4274    i.NVIC_Init         misc.o
    0x08001d2c   0x08001d2c   0x000000b8   Code   RO           13    i.OverloadCorrection  mainw3p.o
    0x08001de4   0x08001de4   0x00000084   Code   RO           14    i.PowerInit         mainw3p.o
    0x08001e68   0x08001e68   0x00000020   Code   RO         5169    i.RCC_AHBPeriphClockCmd  stm32f10x_rcc.o
    0x08001e88   0x08001e88   0x00000020   Code   RO         5170    i.RCC_APB1PeriphClockCmd  stm32f10x_rcc.o
    0x08001ea8   0x08001ea8   0x00000020   Code   RO         5172    i.RCC_APB2PeriphClockCmd  stm32f10x_rcc.o
    0x08001ec8   0x08001ec8   0x000000d4   Code   RO         5180    i.RCC_GetClocksFreq  stm32f10x_rcc.o
    0x08001f9c   0x08001f9c   0x0000014a   Code   RO          347    i.SSD1306_DrawLine  ssd1306.o
    0x080020e6   0x080020e6   0x00000002   PAD
    0x080020e8   0x080020e8   0x000000a0   Code   RO          348    i.SSD1306_DrawPixel  ssd1306.o
    0x08002188   0x08002188   0x00000088   Code   RO          349    i.SSD1306_DrawRectangle  ssd1306.o
    0x08002210   0x08002210   0x00000020   Code   RO          351    i.SSD1306_Fill      ssd1306.o
    0x08002230   0x08002230   0x0000000c   Code   RO          352    i.SSD1306_GotoXY    ssd1306.o
    0x0800223c   0x0800223c   0x0000017c   Code   RO          353    i.SSD1306_Init      ssd1306.o
    0x080023b8   0x080023b8   0x000000a8   Code   RO          356    i.SSD1306_Putc      ssd1306.o
    0x08002460   0x08002460   0x0000002a   Code   RO          357    i.SSD1306_Puts      ssd1306.o
    0x0800248a   0x0800248a   0x00000002   PAD
    0x0800248c   0x0800248c   0x00000058   Code   RO          359    i.SSD1306_UpdateScreen  ssd1306.o
    0x080024e4   0x080024e4   0x00000022   Code   RO           16    i.SeekHzVal         mainw3p.o
    0x08002506   0x08002506   0x00000002   PAD
    0x08002508   0x08002508   0x0000002c   Code   RO           17    i.SetFrequency      mainw3p.o
    0x08002534   0x08002534   0x000000d0   Code   RO           18    i.SetPrescaler      mainw3p.o
    0x08002604   0x08002604   0x00000008   Code   RO         5989    i.SetSysClock       system_stm32f10x.o
    0x0800260c   0x0800260c   0x000000e0   Code   RO         5990    i.SetSysClockTo72   system_stm32f10x.o
    0x080026ec   0x080026ec   0x000000f0   Code   RO           19    i.Start             mainw3p.o
    0x080027dc   0x080027dc   0x00000198   Code   RO           20    i.Stop              mainw3p.o
    0x08002974   0x08002974   0x00000060   Code   RO         5992    i.SystemInit        system_stm32f10x.o
    0x080029d4   0x080029d4   0x00000020   Code   RO         5385    i.TIM_BDTRConfig    stm32f10x_tim.o
    0x080029f4   0x080029f4   0x00000018   Code   RO         5396    i.TIM_Cmd           stm32f10x_tim.o
    0x08002a0c   0x08002a0c   0x0000001e   Code   RO         5398    i.TIM_CtrlPWMOutputs  stm32f10x_tim.o
    0x08002a2a   0x08002a2a   0x00000012   Code   RO         5399    i.TIM_DMACmd        stm32f10x_tim.o
    0x08002a3c   0x08002a3c   0x00000098   Code   RO         5425    i.TIM_OC1Init       stm32f10x_tim.o
    0x08002ad4   0x08002ad4   0x00000012   Code   RO         5428    i.TIM_OC1PreloadConfig  stm32f10x_tim.o
    0x08002ae6   0x08002ae6   0x00000002   PAD
    0x08002ae8   0x08002ae8   0x000000a4   Code   RO         5430    i.TIM_OC2Init       stm32f10x_tim.o
    0x08002b8c   0x08002b8c   0x0000001a   Code   RO         5433    i.TIM_OC2PreloadConfig  stm32f10x_tim.o
    0x08002ba6   0x08002ba6   0x00000002   PAD
    0x08002ba8   0x08002ba8   0x000000a0   Code   RO         5435    i.TIM_OC3Init       stm32f10x_tim.o
    0x08002c48   0x08002c48   0x00000012   Code   RO         5438    i.TIM_OC3PreloadConfig  stm32f10x_tim.o
    0x08002c5a   0x08002c5a   0x00000002   PAD
    0x08002c5c   0x08002c5c   0x000000a4   Code   RO         5467    i.TIM_TimeBaseInit  stm32f10x_tim.o
    0x08002d00   0x08002d00   0x00000012   Code   RO         5468    i.TIM_TimeBaseStructInit  stm32f10x_tim.o
    0x08002d12   0x08002d12   0x00000002   PAD
    0x08002d14   0x08002d14   0x00000174   Code   RO           21    i.TempControl       mainw3p.o
    0x08002e88   0x08002e88   0x0000004c   Code   RO           22    i.ToStart           mainw3p.o
    0x08002ed4   0x08002ed4   0x00000030   Code   RO           23    i.ToStop            mainw3p.o
    0x08002f04   0x08002f04   0x00000220   Code   RO           24    i.UpdateLCD         mainw3p.o
    0x08003124   0x08003124   0x00000028   Code   RO         6371    i.__ARM_fpclassify  m_ws.l(fpclassify.o)
    0x0800314c   0x0800314c   0x00000388   Code   RO         6295    i.__ieee754_rem_pio2  m_ws.l(rred.o)
    0x080034d4   0x080034d4   0x000000fc   Code   RO         6259    i.__kernel_cos      m_ws.l(cos_i.o)
    0x080035d0   0x080035d0   0x000000aa   Code   RO         6292    i.__kernel_poly     m_ws.l(poly.o)
    0x0800367a   0x0800367a   0x00000002   PAD
    0x0800367c   0x0800367c   0x000000ec   Code   RO         6300    i.__kernel_sin      m_ws.l(sin_i.o)
    0x08003768   0x08003768   0x00000010   Code   RO         6262    i.__mathlib_dbl_divzero  m_ws.l(dunder.o)
    0x08003778   0x08003778   0x00000006   Code   RO         6263    i.__mathlib_dbl_infnan  m_ws.l(dunder.o)
    0x0800377e   0x0800377e   0x0000000c   Code   RO         6265    i.__mathlib_dbl_invalid  m_ws.l(dunder.o)
    0x0800378a   0x0800378a   0x00000002   PAD
    0x0800378c   0x0800378c   0x00000010   Code   RO         6268    i.__mathlib_dbl_underflow  m_ws.l(dunder.o)
    0x0800379c   0x0800379c   0x0000000e   Code   RO         6058    i._is_digit         c_w.l(__printf_wp.o)
    0x080037aa   0x080037aa   0x00000002   PAD
    0x080037ac   0x080037ac   0x000000cc   Code   RO           25    i.adcVoltage_init   mainw3p.o
    0x08003878   0x08003878   0x0000006c   Code   RO           26    i.adc_init          mainw3p.o
    0x080038e4   0x080038e4   0x00000034   Code   RO           27    i.analogRead        mainw3p.o
    0x08003918   0x08003918   0x00000050   Code   RO           28    i.delay_ms          mainw3p.o
    0x08003968   0x08003968   0x00000050   Code   RO           29    i.initIO            mainw3p.o
    0x080039b8   0x080039b8   0x0000035c   Code   RO         6169    i.log               m_ws.l(log.o)
    0x08003d14   0x08003d14   0x00000124   Code   RO           30    i.main              mainw3p.o
    0x08003e38   0x08003e38   0x000000a0   Code   RO         6199    i.sin               m_ws.l(sin.o)
    0x08003ed8   0x08003ed8   0x0000009c   Code   RO           31    i.sinDMA_PhaseA     mainw3p.o
    0x08003f74   0x08003f74   0x00000064   Code   RO           32    i.sinDMA_PhaseB     mainw3p.o
    0x08003fd8   0x08003fd8   0x00000064   Code   RO           33    i.sinDMA_PhaseC     mainw3p.o
    0x0800403c   0x0800403c   0x0000022c   Code   RO           34    i.sin_table_update  mainw3p.o
    0x08004268   0x08004268   0x00000078   Code   RO          466    i.ssd1306_I2C_Init  ssd1306_i2c.o
    0x080042e0   0x080042e0   0x000000c0   Code   RO          468    i.ssd1306_I2C_Start  ssd1306_i2c.o
    0x080043a0   0x080043a0   0x00000040   Code   RO          469    i.ssd1306_I2C_Stop  ssd1306_i2c.o
    0x080043e0   0x080043e0   0x00000044   Code   RO          470    i.ssd1306_I2C_Write  ssd1306_i2c.o
    0x08004424   0x08004424   0x0000003c   Code   RO          471    i.ssd1306_I2C_WriteData  ssd1306_i2c.o
    0x08004460   0x08004460   0x00000054   Code   RO          472    i.ssd1306_I2C_WriteMulti  ssd1306_i2c.o
    0x080044b4   0x080044b4   0x000000d0   Code   RO           35    i.timers            mainw3p.o
    0x08004584   0x08004584   0x0000002c   Code   RO         6365    locale$$code        c_w.l(lc_numeric_c.o)
    0x080045b0   0x080045b0   0x00000062   Code   RO         6084    x$fpl$d2f           fz_ws.l(d2f.o)
    0x08004612   0x08004612   0x00000002   PAD
    0x08004614   0x08004614   0x00000150   Code   RO         6086    x$fpl$dadd          fz_ws.l(daddsub_clz.o)
    0x08004764   0x08004764   0x00000010   Code   RO         6367    x$fpl$dcheck1       fz_ws.l(dcheck1.o)
    0x08004774   0x08004774   0x00000018   Code   RO         6236    x$fpl$dcmpinf       fz_ws.l(dcmpi.o)
    0x0800478c   0x0800478c   0x000002b0   Code   RO         6093    x$fpl$ddiv          fz_ws.l(ddiv.o)
    0x08004a3c   0x08004a3c   0x00000078   Code   RO         6096    x$fpl$deqf          fz_ws.l(deqf.o)
    0x08004ab4   0x08004ab4   0x0000005e   Code   RO         6098    x$fpl$dfix          fz_ws.l(dfix.o)
    0x08004b12   0x08004b12   0x00000002   PAD
    0x08004b14   0x08004b14   0x0000005a   Code   RO         6102    x$fpl$dfixu         fz_ws.l(dfixu.o)
    0x08004b6e   0x08004b6e   0x0000002e   Code   RO         6107    x$fpl$dflt          fz_ws.l(dflt_clz.o)
    0x08004b9c   0x08004b9c   0x00000026   Code   RO         6106    x$fpl$dfltu         fz_ws.l(dflt_clz.o)
    0x08004bc2   0x08004bc2   0x00000002   PAD
    0x08004bc4   0x08004bc4   0x00000078   Code   RO         6112    x$fpl$dleqf         fz_ws.l(dleqf.o)
    0x08004c3c   0x08004c3c   0x00000154   Code   RO         6114    x$fpl$dmul          fz_ws.l(dmul.o)
    0x08004d90   0x08004d90   0x0000009c   Code   RO         6238    x$fpl$dnaninf       fz_ws.l(dnaninf.o)
    0x08004e2c   0x08004e2c   0x0000000c   Code   RO         6240    x$fpl$dretinf       fz_ws.l(dretinf.o)
    0x08004e38   0x08004e38   0x0000006c   Code   RO         6116    x$fpl$drleqf        fz_ws.l(drleqf.o)
    0x08004ea4   0x08004ea4   0x00000016   Code   RO         6087    x$fpl$drsb          fz_ws.l(daddsub_clz.o)
    0x08004eba   0x08004eba   0x00000002   PAD
    0x08004ebc   0x08004ebc   0x000001d4   Code   RO         6088    x$fpl$dsub          fz_ws.l(daddsub_clz.o)
    0x08005090   0x08005090   0x00000056   Code   RO         6118    x$fpl$f2d           fz_ws.l(f2d.o)
    0x080050e6   0x080050e6   0x00000002   PAD
    0x080050e8   0x080050e8   0x00000184   Code   RO         6127    x$fpl$fdiv          fz_ws.l(fdiv.o)
    0x0800526c   0x0800526c   0x00000036   Code   RO         6132    x$fpl$ffix          fz_ws.l(ffix.o)
    0x080052a2   0x080052a2   0x00000002   PAD
    0x080052a4   0x080052a4   0x00000030   Code   RO         6145    x$fpl$fflt          fz_ws.l(fflt_clz.o)
    0x080052d4   0x080052d4   0x00000102   Code   RO         6152    x$fpl$fmul          fz_ws.l(fmul.o)
    0x080053d6   0x080053d6   0x0000008c   Code   RO         6244    x$fpl$fnaninf       fz_ws.l(fnaninf.o)
    0x08005462   0x08005462   0x0000000a   Code   RO         6246    x$fpl$fretinf       fz_ws.l(fretinf.o)
    0x0800546c   0x0800546c   0x00000004   Code   RO         6156    x$fpl$printf1       fz_ws.l(printf1.o)
    0x08005470   0x08005470   0x00000064   Code   RO         6437    x$fpl$retnan        fz_ws.l(retnan.o)
    0x080054d4   0x080054d4   0x0000005c   Code   RO         6254    x$fpl$scalbn        fz_ws.l(scalbn.o)
    0x08005530   0x08005530   0x00000030   Code   RO         6451    x$fpl$trapveneer    fz_ws.l(trapv.o)
    0x08005560   0x08005560   0x00000000   Code   RO         6258    x$fpl$usenofp       fz_ws.l(usenofp.o)
    0x08005560   0x08005560   0x00002814   Data   RO          309    .constdata          fonts.o
    0x08007d74   0x08007d74   0x00000004   PAD
    0x08007d78   0x08007d78   0x00000038   Data   RO         6170    .constdata          m_ws.l(log.o)
    0x08007db0   0x08007db0   0x00000030   Data   RO         6260    .constdata          m_ws.l(cos_i.o)
    0x08007de0   0x08007de0   0x00000008   Data   RO         6294    .constdata          m_ws.l(qnan.o)
    0x08007de8   0x08007de8   0x000000c8   Data   RO         6297    .constdata          m_ws.l(rred.o)
    0x08007eb0   0x08007eb0   0x00000028   Data   RO         6301    .constdata          m_ws.l(sin_i.o)
    0x08007ed8   0x08007ed8   0x00000094   Data   RO         6340    .constdata          c_w.l(bigflt0.o)
    0x08007f6c   0x08007f6c   0x00000020   Data   RO         6520    Region$$Table       anon$$obj.o
    0x08007f8c   0x08007f8c   0x0000001c   Data   RO         6364    locale$$data        c_w.l(lc_numeric_c.o)


    Execution Region ER_RW (Exec base: 0x20000000, Load base: 0x08007fa8, Size: 0x00000098, Max: 0xffffffff, ABSOLUTE)

    Exec Addr    Load Addr    Size         Type   Attr      Idx    E Section Name        Object

    0x20000000   0x08007fa8   0x00000045   Data   RW           37    .data               mainw3p.o
    0x20000045   0x08007fed   0x00000003   PAD
    0x20000048   0x08007ff0   0x00000018   Data   RW          310    .data               fonts.o
    0x20000060   0x08008008   0x00000006   Data   RW          361    .data               ssd1306.o
    0x20000066   0x0800800e   0x00000002   PAD
    0x20000068   0x08008010   0x00000005   Data   RW          473    .data               ssd1306_i2c.o
    0x2000006d   0x08008015   0x00000014   Data   RW         5200    .data               stm32f10x_rcc.o
    0x20000081   0x08008029   0x00000003   PAD
    0x20000084   0x0800802c   0x00000014   Data   RW         5993    .data               system_stm32f10x.o


    Execution Region ER_ZI (Exec base: 0x20000098, Load base: 0x08008040, Size: 0x000018d8, Max: 0xffffffff, ABSOLUTE)

    Exec Addr    Load Addr    Size         Type   Attr      Idx    E Section Name        Object

    0x20000098        -       0x00000e74   Zero   RW           36    .bss                mainw3p.o
    0x20000f0c        -       0x00000400   Zero   RW          360    .bss                ssd1306.o
    0x2000130c        -       0x00000060   Zero   RW         6374    .bss                c_w.l(libspace.o)
    0x2000136c   0x08008040   0x00000004   PAD
    0x20001370        -       0x00000200   Zero   RW         5980    HEAP                startup_stm32f10x_md.o
    0x20001570        -       0x00000400   Zero   RW         5979    STACK               startup_stm32f10x_md.o


==============================================================================

Image component sizes


      Code (inc. data)   RO Data    RW Data    ZI Data      Debug   Object Name

         0          0      10260         24          0       1279   fonts.o
      5488        726          0         69       3700     319591   mainw3p.o
       112         12          0          0          0       1260   misc.o
      1348         40          0          6       1024       6815   ssd1306.o
       588         50          0          5          0       4439   ssd1306_i2c.o
        64         26        236          0       1536        816   startup_stm32f10x_md.o
       524         14          0          0          0      13076   stm32f10x_adc.o
       156         10          0          0          0       4781   stm32f10x_dma.o
       320          0          0          0          0       4550   stm32f10x_gpio.o
       302         14          0          0          0       3982   stm32f10x_i2c.o
       308         38          0         20          0       5334   stm32f10x_rcc.o
       824         82          0          0          0       8524   stm32f10x_tim.o
       328         28          0         20          0       2389   system_stm32f10x.o

    ----------------------------------------------------------------------
     10380       1040      10532        152       6260     376836   Object Totals
         0          0         32          0          0          0   (incl. Generated)
        18          0          4          8          0          0   (incl. Padding)

    ----------------------------------------------------------------------

      Code (inc. data)   RO Data    RW Data    ZI Data      Debug   Library Member Name

         8          0          0          0          0         68   __main.o
       284          0          0          0          0        156   __printf_wp.o
         0          0          0          0          0          0   __rtentry.o
        12          0          0          0          0          0   __rtentry2.o
         6          0          0          0          0          0   __rtentry4.o
        52          8          0          0          0          0   __scatter.o
        26          0          0          0          0          0   __scatter_copy.o
        28          0          0          0          0          0   __scatter_zi.o
        48          6          0          0          0         96   _printf_char_common.o
         6          0          0          0          0          0   _printf_f.o
      1054          0          0          0          0        216   _printf_fp_dec.o
       128         16          0          0          0         84   _printf_fp_infnan.o
         0          0          0          0          0          0   _printf_percent.o
         4          0          0          0          0          0   _printf_percent_end.o
        22          0          0          0          0        100   _rserrno.o
        10          0          0          0          0         68   _sputc.o
        16          0          0          0          0         68   aeabi_memset.o
       228          4        148          0          0         96   bigflt0.o
      1936        128          0          0          0        672   btod.o
        18          0          0          0          0         80   exit.o
         6          0          0          0          0        152   heapauxi.o
         0          0          0          0          0          0   indicate_semi.o
        44         10         28          0          0         76   lc_numeric_c.o
         2          0          0          0          0          0   libinit.o
        18          0          0          0          0          0   libinit2.o
         2          0          0          0          0          0   libshutdown.o
         2          0          0          0          0          0   libshutdown2.o
         8          4          0          0         96         68   libspace.o
       138          0          0          0          0         80   lludiv10.o
        40          6          0          0          0         84   noretval__2sprintf.o
         8          4          0          0          0         68   rt_errno_addr_intlibspace.o
         8          4          0          0          0         68   rt_locale_intlibspace.o
        68          0          0          0          0         68   rt_memclr.o
        78          0          0          0          0         80   rt_memclr_w.o
         2          0          0          0          0          0   rtexit.o
        10          0          0          0          0          0   rtexit2.o
       128          0          0          0          0         68   strcmpv7m.o
        12          4          0          0          0         68   sys_exit.o
        74          0          0          0          0         80   sys_stackheap_outer.o
         2          0          0          0          0         68   use_no_semi.o
        98          4          0          0          0         92   d2f.o
       826         16          0          0          0        348   daddsub_clz.o
        16          4          0          0          0         68   dcheck1.o
        24          0          0          0          0         68   dcmpi.o
       688        140          0          0          0        208   ddiv.o
       120          4          0          0          0         92   deqf.o
        94          4          0          0          0         92   dfix.o
        90          4          0          0          0         92   dfixu.o
        84          0          0          0          0        136   dflt_clz.o
       120          4          0          0          0         92   dleqf.o
       340         12          0          0          0        104   dmul.o
       156          4          0          0          0         92   dnaninf.o
        12          0          0          0          0         68   dretinf.o
       108          0          0          0          0         80   drleqf.o
        86          4          0          0          0         84   f2d.o
       388         76          0          0          0         96   fdiv.o
        54          4          0          0          0         84   ffix.o
        48          0          0          0          0         68   fflt_clz.o
       258          4          0          0          0         84   fmul.o
       140          4          0          0          0         84   fnaninf.o
        10          0          0          0          0         68   fretinf.o
         4          0          0          0          0         68   printf1.o
       100          0          0          0          0         68   retnan.o
        92          0          0          0          0         68   scalbn.o
        48          0          0          0          0         68   trapv.o
         0          0          0          0          0          0   usenofp.o
       252         22         48          0          0        124   cos_i.o
        50         10          0          0          0        272   dunder.o
        40          0          0          0          0         68   fpclassify.o
       860         52         56          0          0        256   log.o
       170          0          0          0          0         96   poly.o
         0          0          8          0          0          0   qnan.o
       904         76        200          0          0        140   rred.o
       160         10          0          0          0        108   sin.o
       236         12         40          0          0        128   sin_i.o

    ----------------------------------------------------------------------
     11240        664        528          0        100       6396   Library Totals
        28          0          0          0          4          0   (incl. Padding)

    ----------------------------------------------------------------------

      Code (inc. data)   RO Data    RW Data    ZI Data      Debug   Library Name

      4536        194        176          0         96       2732   c_w.l
      4004        288          0          0          0       2472   fz_ws.l
      2672        182        352          0          0       1192   m_ws.l

    ----------------------------------------------------------------------
     11240        664        528          0        100       6396   Library Totals

    ----------------------------------------------------------------------

==============================================================================


      Code (inc. data)   RO Data    RW Data    ZI Data      Debug   

     21620       1704      11060        152       6360     374908   Grand Totals
     21620       1704      11060        152       6360     374908   ELF Image Totals
     21620       1704      11060        152          0          0   ROM Totals

==============================================================================

    Total RO  Size (Code + RO Data)                32680 (  31.91kB)
    Total RW  Size (RW Data + ZI Data)              6512 (   6.36kB)
    Total ROM Size (Code + RO Data + RW Data)      32832 (  32.06kB)

==============================================================================

